Archive member included to satisfy reference by file (symbol)

d:/software/st/stm32cubeide_1.3.0/stm32cubeide/plugins/com.st.stm32cube.ide.mcu.externaltools.gnu-tools-for-stm32.7-2018-q2-update.win32_1.0.0.201904181610/tools/bin/../lib/gcc/arm-none-eabi/7.3.1/../../../../arm-none-eabi/lib/thumb/v7-m\libc_nano.a(lib_a-atoi.o)
                              Core/Src/main.o (atoi)
d:/software/st/stm32cubeide_1.3.0/stm32cubeide/plugins/com.st.stm32cube.ide.mcu.externaltools.gnu-tools-for-stm32.7-2018-q2-update.win32_1.0.0.201904181610/tools/bin/../lib/gcc/arm-none-eabi/7.3.1/../../../../arm-none-eabi/lib/thumb/v7-m\libc_nano.a(lib_a-errno.o)
                              Core/Src/syscalls.o (__errno)
d:/software/st/stm32cubeide_1.3.0/stm32cubeide/plugins/com.st.stm32cube.ide.mcu.externaltools.gnu-tools-for-stm32.7-2018-q2-update.win32_1.0.0.201904181610/tools/bin/../lib/gcc/arm-none-eabi/7.3.1/../../../../arm-none-eabi/lib/thumb/v7-m\libc_nano.a(lib_a-exit.o)
                              d:/software/st/stm32cubeide_1.3.0/stm32cubeide/plugins/com.st.stm32cube.ide.mcu.externaltools.gnu-tools-for-stm32.7-2018-q2-update.win32_1.0.0.201904181610/tools/bin/../lib/gcc/arm-none-eabi/7.3.1/../../../../arm-none-eabi/lib/thumb/v7-m/crt0.o (exit)
d:/software/st/stm32cubeide_1.3.0/stm32cubeide/plugins/com.st.stm32cube.ide.mcu.externaltools.gnu-tools-for-stm32.7-2018-q2-update.win32_1.0.0.201904181610/tools/bin/../lib/gcc/arm-none-eabi/7.3.1/../../../../arm-none-eabi/lib/thumb/v7-m\libc_nano.a(lib_a-impure.o)
                              d:/software/st/stm32cubeide_1.3.0/stm32cubeide/plugins/com.st.stm32cube.ide.mcu.externaltools.gnu-tools-for-stm32.7-2018-q2-update.win32_1.0.0.201904181610/tools/bin/../lib/gcc/arm-none-eabi/7.3.1/../../../../arm-none-eabi/lib/thumb/v7-m\libc_nano.a(lib_a-exit.o) (_global_impure_ptr)
d:/software/st/stm32cubeide_1.3.0/stm32cubeide/plugins/com.st.stm32cube.ide.mcu.externaltools.gnu-tools-for-stm32.7-2018-q2-update.win32_1.0.0.201904181610/tools/bin/../lib/gcc/arm-none-eabi/7.3.1/../../../../arm-none-eabi/lib/thumb/v7-m\libc_nano.a(lib_a-init.o)
                              d:/software/st/stm32cubeide_1.3.0/stm32cubeide/plugins/com.st.stm32cube.ide.mcu.externaltools.gnu-tools-for-stm32.7-2018-q2-update.win32_1.0.0.201904181610/tools/bin/../lib/gcc/arm-none-eabi/7.3.1/../../../../arm-none-eabi/lib/thumb/v7-m/crt0.o (__libc_init_array)
d:/software/st/stm32cubeide_1.3.0/stm32cubeide/plugins/com.st.stm32cube.ide.mcu.externaltools.gnu-tools-for-stm32.7-2018-q2-update.win32_1.0.0.201904181610/tools/bin/../lib/gcc/arm-none-eabi/7.3.1/../../../../arm-none-eabi/lib/thumb/v7-m\libc_nano.a(lib_a-memset.o)
                              d:/software/st/stm32cubeide_1.3.0/stm32cubeide/plugins/com.st.stm32cube.ide.mcu.externaltools.gnu-tools-for-stm32.7-2018-q2-update.win32_1.0.0.201904181610/tools/bin/../lib/gcc/arm-none-eabi/7.3.1/../../../../arm-none-eabi/lib/thumb/v7-m/crt0.o (memset)
d:/software/st/stm32cubeide_1.3.0/stm32cubeide/plugins/com.st.stm32cube.ide.mcu.externaltools.gnu-tools-for-stm32.7-2018-q2-update.win32_1.0.0.201904181610/tools/bin/../lib/gcc/arm-none-eabi/7.3.1/../../../../arm-none-eabi/lib/thumb/v7-m\libc_nano.a(lib_a-printf.o)
                              Core/Src/main.o (printf)
d:/software/st/stm32cubeide_1.3.0/stm32cubeide/plugins/com.st.stm32cube.ide.mcu.externaltools.gnu-tools-for-stm32.7-2018-q2-update.win32_1.0.0.201904181610/tools/bin/../lib/gcc/arm-none-eabi/7.3.1/../../../../arm-none-eabi/lib/thumb/v7-m\libc_nano.a(lib_a-putchar.o)
                              Core/Src/main.o (putchar)
d:/software/st/stm32cubeide_1.3.0/stm32cubeide/plugins/com.st.stm32cube.ide.mcu.externaltools.gnu-tools-for-stm32.7-2018-q2-update.win32_1.0.0.201904181610/tools/bin/../lib/gcc/arm-none-eabi/7.3.1/../../../../arm-none-eabi/lib/thumb/v7-m\libc_nano.a(lib_a-puts.o)
                              Core/Src/main.o (puts)
d:/software/st/stm32cubeide_1.3.0/stm32cubeide/plugins/com.st.stm32cube.ide.mcu.externaltools.gnu-tools-for-stm32.7-2018-q2-update.win32_1.0.0.201904181610/tools/bin/../lib/gcc/arm-none-eabi/7.3.1/../../../../arm-none-eabi/lib/thumb/v7-m\libc_nano.a(lib_a-sprintf.o)
                              Core/Src/main.o (sprintf)
d:/software/st/stm32cubeide_1.3.0/stm32cubeide/plugins/com.st.stm32cube.ide.mcu.externaltools.gnu-tools-for-stm32.7-2018-q2-update.win32_1.0.0.201904181610/tools/bin/../lib/gcc/arm-none-eabi/7.3.1/../../../../arm-none-eabi/lib/thumb/v7-m\libc_nano.a(lib_a-strcpy.o)
                              Core/Src/main.o (strcpy)
d:/software/st/stm32cubeide_1.3.0/stm32cubeide/plugins/com.st.stm32cube.ide.mcu.externaltools.gnu-tools-for-stm32.7-2018-q2-update.win32_1.0.0.201904181610/tools/bin/../lib/gcc/arm-none-eabi/7.3.1/../../../../arm-none-eabi/lib/thumb/v7-m\libc_nano.a(lib_a-strlen.o)
                              Core/Src/main.o (strlen)
[...]
Memory Configuration

Name             Origin             Length             Attributes
RAM              0x0000000020000000 0x000000000000c000 xrw
FLASH            0x0000000008000000 0x0000000000040000 xr
*default*        0x0000000000000000 0xffffffffffffffff

Linker script and memory map

LOAD d:/software/st/stm32cubeide_1.3.0/stm32cubeide/plugins/com.st.stm32cube.ide.mcu.externaltools.gnu-tools-for-stm32.7-2018-q2-update.win32_1.0.0.201904181610/tools/bin/../lib/gcc/arm-none-eabi/7.3.1/thumb/v7-m/crti.o
LOAD d:/software/st/stm32cubeide_1.3.0/stm32cubeide/plugins/com.st.stm32cube.ide.mcu.externaltools.gnu-tools-for-stm32.7-2018-q2-update.win32_1.0.0.201904181610/tools/bin/../lib/gcc/arm-none-eabi/7.3.1/thumb/v7-m/crtbegin.o
LOAD d:/software/st/stm32cubeide_1.3.0/stm32cubeide/plugins/com.st.stm32cube.ide.mcu.externaltools.gnu-tools-for-stm32.7-2018-q2-update.win32_1.0.0.201904181610/tools/bin/../lib/gcc/arm-none-eabi/7.3.1/../../../../arm-none-eabi/lib/thumb/v7-m/crt0.o
LOAD Core/Src/gpio.o
LOAD Core/Src/lcd.o
LOAD Core/Src/main.o
LOAD Core/Src/nrf24L01.o
LOAD Core/Src/spi.o
LOAD Core/Src/stm32f1xx_hal_msp.o
LOAD Core/Src/stm32f1xx_it.o
LOAD Core/Src/syscalls.o
LOAD Core/Src/sysmem.o
LOAD Core/Src/system_stm32f1xx.o
LOAD Core/Src/usart.o
LOAD Core/Startup/startup_stm32f103rctx.o
LOAD Drivers/STM32F1xx_HAL_Driver/Src/stm32f1xx_hal.o
LOAD Drivers/STM32F1xx_HAL_Driver/Src/stm32f1xx_hal_cortex.o
LOAD Drivers/STM32F1xx_HAL_Driver/Src/stm32f1xx_hal_dma.o
LOAD Drivers/STM32F1xx_HAL_Driver/Src/stm32f1xx_hal_exti.o
LOAD Drivers/STM32F1xx_HAL_Driver/Src/stm32f1xx_hal_flash.o
LOAD Drivers/STM32F1xx_HAL_Driver/Src/stm32f1xx_hal_flash_ex.o
LOAD Drivers/STM32F1xx_HAL_Driver/Src/stm32f1xx_hal_gpio.o
LOAD Drivers/STM32F1xx_HAL_Driver/Src/stm32f1xx_hal_gpio_ex.o
LOAD Drivers/STM32F1xx_HAL_Driver/Src/stm32f1xx_hal_pwr.o
LOAD Drivers/STM32F1xx_HAL_Driver/Src/stm32f1xx_hal_rcc.o
LOAD Drivers/STM32F1xx_HAL_Driver/Src/stm32f1xx_hal_rcc_ex.o
LOAD Drivers/STM32F1xx_HAL_Driver/Src/stm32f1xx_hal_spi.o
LOAD Drivers/STM32F1xx_HAL_Driver/Src/stm32f1xx_hal_tim.o
LOAD Drivers/STM32F1xx_HAL_Driver/Src/stm32f1xx_hal_tim_ex.o
LOAD Drivers/STM32F1xx_HAL_Driver/Src/stm32f1xx_hal_uart.o
START GROUP
LOAD d:/software/st/stm32cubeide_1.3.0/stm32cubeide/plugins/com.st.stm32cube.ide.mcu.externaltools.gnu-tools-for-stm32.7-2018-q2-update.win32_1.0.0.201904181610/tools/bin/../lib/gcc/arm-none-eabi/7.3.1/../../../../arm-none-eabi/lib/thumb/v7-m\libc_nano.a
LOAD d:/software/st/stm32cubeide_1.3.0/stm32cubeide/plugins/com.st.stm32cube.ide.mcu.externaltools.gnu-tools-for-stm32.7-2018-q2-update.win32_1.0.0.201904181610/tools/bin/../lib/gcc/arm-none-eabi/7.3.1/../../../../arm-none-eabi/lib/thumb/v7-m\libm.a
END GROUP
START GROUP
LOAD d:/software/st/stm32cubeide_1.3.0/stm32cubeide/plugins/com.st.stm32cube.ide.mcu.externaltools.gnu-tools-for-stm32.7-2018-q2-update.win32_1.0.0.201904181610/tools/bin/../lib/gcc/arm-none-eabi/7.3.1/thumb/v7-m\libgcc.a
LOAD d:/software/st/stm32cubeide_1.3.0/stm32cubeide/plugins/com.st.stm32cube.ide.mcu.externaltools.gnu-tools-for-stm32.7-2018-q2-update.win32_1.0.0.201904181610/tools/bin/../lib/gcc/arm-none-eabi/7.3.1/../../../../arm-none-eabi/lib/thumb/v7-m\libc_nano.a
END GROUP
START GROUP
LOAD d:/software/st/stm32cubeide_1.3.0/stm32cubeide/plugins/com.st.stm32cube.ide.mcu.externaltools.gnu-tools-for-stm32.7-2018-q2-update.win32_1.0.0.201904181610/tools/bin/../lib/gcc/arm-none-eabi/7.3.1/thumb/v7-m\libgcc.a
LOAD d:/software/st/stm32cubeide_1.3.0/stm32cubeide/plugins/com.st.stm32cube.ide.mcu.externaltools.gnu-tools-for-stm32.7-2018-q2-update.win32_1.0.0.201904181610/tools/bin/../lib/gcc/arm-none-eabi/7.3.1/../../../../arm-none-eabi/lib/thumb/v7-m\libc_nano.a
LOAD d:/software/st/stm32cubeide_1.3.0/stm32cubeide/plugins/com.st.stm32cube.ide.mcu.externaltools.gnu-tools-for-stm32.7-2018-q2-update.win32_1.0.0.201904181610/tools/bin/../lib/gcc/arm-none-eabi/7.3.1/../../../../arm-none-eabi/lib/thumb/v7-m\libnosys.a
END GROUP
START GROUP
LOAD d:/software/st/stm32cubeide_1.3.0/stm32cubeide/plugins/com.st.stm32cube.ide.mcu.externaltools.gnu-tools-for-stm32.7-2018-q2-update.win32_1.0.0.201904181610/tools/bin/../lib/gcc/arm-none-eabi/7.3.1/thumb/v7-m\libgcc.a
LOAD d:/software/st/stm32cubeide_1.3.0/stm32cubeide/plugins/com.st.stm32cube.ide.mcu.externaltools.gnu-tools-for-stm32.7-2018-q2-update.win32_1.0.0.201904181610/tools/bin/../lib/gcc/arm-none-eabi/7.3.1/../../../../arm-none-eabi/lib/thumb/v7-m\libc_nano.a
LOAD d:/software/st/stm32cubeide_1.3.0/stm32cubeide/plugins/com.st.stm32cube.ide.mcu.externaltools.gnu-tools-for-stm32.7-2018-q2-update.win32_1.0.0.201904181610/tools/bin/../lib/gcc/arm-none-eabi/7.3.1/../../../../arm-none-eabi/lib/thumb/v7-m\libnosys.a
END GROUP
LOAD d:/software/st/stm32cubeide_1.3.0/stm32cubeide/plugins/com.st.stm32cube.ide.mcu.externaltools.gnu-tools-for-stm32.7-2018-q2-update.win32_1.0.0.201904181610/tools/bin/../lib/gcc/arm-none-eabi/7.3.1/thumb/v7-m/crtend.o
LOAD d:/software/st/stm32cubeide_1.3.0/stm32cubeide/plugins/com.st.stm32cube.ide.mcu.externaltools.gnu-tools-for-stm32.7-2018-q2-update.win32_1.0.0.201904181610/tools/bin/../lib/gcc/arm-none-eabi/7.3.1/thumb/v7-m/crtn.o
                0x000000002000c000                _estack = (ORIGIN (RAM) + LENGTH (RAM))
                0x0000000000000200                _Min_Heap_Size = 0x200
                0x0000000000000400                _Min_Stack_Size = 0x400

.isr_vector     0x0000000008000000      0x1e4
                0x0000000008000000                . = ALIGN (0x4)
 *(.isr_vector)
 .isr_vector    0x0000000008000000      0x1e4 Core/Startup/startup_stm32f103rctx.o
                0x0000000008000000                g_pfnVectors
                0x00000000080001e4                . = ALIGN (0x4)

.text           0x00000000080001e8     0xb39c
                0x00000000080001e8                . = ALIGN (0x4)
 *(.text)
 .text          0x00000000080001e8       0x40 d:/software/st/stm32cubeide_1.3.0/stm32cubeide/plugins/com.st.stm32cube.ide.mcu.externaltools.gnu-tools-for-stm32.7-2018-q2-update.win32_1.0.0.201904181610/tools/bin/../lib/gcc/arm-none-eabi/7.3.1/thumb/v7-m/crtbegin.o
 .text          0x0000000008000228       0x10 d:/software/st/stm32cubeide_1.3.0/stm32cubeide/plugins/com.st.stm32cube.ide.mcu.externaltools.gnu-tools-for-stm32.7-2018-q2-update.win32_1.0.0.201904181610/tools/bin/../lib/gcc/arm-none-eabi/7.3.1/../../../../arm-none-eabi/lib/thumb/v7-m\libc_nano.a(lib_a-strlen.o)
                0x0000000008000228                strlen
 .text          0x0000000008000238      0x378 d:/software/st/stm32cubeide_1.3.0/stm32cubeide/plugins/com.st.stm32cube.ide.mcu.externaltools.gnu-tools-for-stm32.7-2018-q2-update.win32_1.0.0.201904181610/tools/bin/../lib/gcc/arm-none-eabi/7.3.1/thumb/v7-m\libgcc.a(_arm_addsubdf3.o)
                0x0000000008000238                __aeabi_drsub
                0x0000000008000240                __aeabi_dsub
                0x0000000008000240                __subdf3
                0x0000000008000244                __aeabi_dadd
                0x0000000008000244                __adddf3
                0x00000000080004bc                __floatunsidf
                0x00000000080004bc                __aeabi_ui2d
                0x00000000080004dc                __floatsidf
                0x00000000080004dc                __aeabi_i2d
                0x0000000008000500                __aeabi_f2d
                0x0000000008000500                __extendsfdf2
                0x0000000008000544                __floatundidf
                0x0000000008000544                __aeabi_ul2d
                0x0000000008000554                __floatdidf
                0x0000000008000554                __aeabi_l2d
 .text          0x00000000080005b0      0x424 d:/software/st/stm32cubeide_1.3.0/stm32cubeide/plugins/com.st.stm32cube.ide.mcu.externaltools.gnu-tools-for-stm32.7-2018-q2-update.win32_1.0.0.201904181610/tools/bin/../lib/gcc/arm-none-eabi/7.3.1/thumb/v7-m\libgcc.a(_arm_muldivdf3.o)
                0x00000000080005b0                __aeabi_dmul
                0x00000000080005b0                __muldf3
                0x0000000008000804                __divdf3
                0x0000000008000804                __aeabi_ddiv
 .text          0x00000000080009d4       0x40 d:/software/st/stm32cubeide_1.3.0/stm32cubeide/plugins/com.st.stm32cube.ide.mcu.externaltools.gnu-tools-for-stm32.7-2018-q2-update.win32_1.0.0.201904181610/tools/bin/../lib/gcc/arm-none-eabi/7.3.1/thumb/v7-m\libgcc.a(_arm_fixunsdfsi.o)
                0x00000000080009d4                __aeabi_d2uiz
                0x00000000080009d4                __fixunsdfsi
 *(.text*)
 .text.MX_GPIO_Init
                0x0000000008000a14      0x168 Core/Src/gpio.o
                0x0000000008000a14                MX_GPIO_Init
 .text.LCD_WR_REG
                0x0000000008000b7c       0x48 Core/Src/lcd.o
                0x0000000008000b7c                LCD_WR_REG
 .text.LCD_WR_DATAX
                0x0000000008000bc4       0x48 Core/Src/lcd.o
                0x0000000008000bc4                LCD_WR_DATAX
 .text.LCD_RD_DATA
                0x0000000008000c0c       0x88 Core/Src/lcd.o
                0x0000000008000c0c                LCD_RD_DATA
 .text.LCD_WriteReg
                0x0000000008000c94       0x54 Core/Src/lcd.o
                0x0000000008000c94                LCD_WriteReg
 .text.LCD_ReadReg
                0x0000000008000ce8       0x20 Core/Src/lcd.o
                0x0000000008000ce8                LCD_ReadReg
 .text.LCD_WriteRAM_Prepare
                0x0000000008000d08       0x18 Core/Src/lcd.o
                0x0000000008000d08                LCD_WriteRAM_Prepare
 .text.LCD_SetCursor
                0x0000000008000d20      0x598 Core/Src/lcd.o
                0x0000000008000d20                LCD_SetCursor
 .text.LCD_Scan_Dir
                0x00000000080012b8      0x624 Core/Src/lcd.o
                0x00000000080012b8                LCD_Scan_Dir
 .text.LCD_Fast_DrawPoint
                0x00000000080018dc      0x52c Core/Src/lcd.o
                0x00000000080018dc                LCD_Fast_DrawPoint
 .text.LCD_SSD_BackLightSet
                0x0000000008001e08      0x148 Core/Src/lcd.o
                0x0000000008001e08                LCD_SSD_BackLightSet
 .text.LCD_Display_Dir
                0x0000000008001f50      0x218 Core/Src/lcd.o
                0x0000000008001f50                LCD_Display_Dir
 .text.LCD_Init
                0x0000000008002168     0x3e5c Core/Src/lcd.o
                0x0000000008002168                LCD_Init
 .text.LCD_Clear
                0x0000000008005fc4       0xc4 Core/Src/lcd.o
                0x0000000008005fc4                LCD_Clear
 .text.LCD_Fill
                0x0000000008006088      0x118 Core/Src/lcd.o
                0x0000000008006088                LCD_Fill
 .text.LCD_Color_Fill
                0x00000000080061a0       0xc0 Core/Src/lcd.o
                0x00000000080061a0                LCD_Color_Fill
 .text.LCD_ShowChar
                0x0000000008006260      0x15c Core/Src/lcd.o
                0x0000000008006260                LCD_ShowChar
 .text.LCD_Pow  0x00000000080063bc       0x36 Core/Src/lcd.o
                0x00000000080063bc                LCD_Pow
 *fill*         0x00000000080063f2        0x2 
 .text.LCD_ShowNum
                0x00000000080063f4       0xe4 Core/Src/lcd.o
                0x00000000080063f4                LCD_ShowNum
 .text.LCD_ShowString
                0x00000000080064d8       0x9c Core/Src/lcd.o
                0x00000000080064d8                LCD_ShowString
 .text.reset_flags
                0x0000000008006574       0x94 Core/Src/main.o
                0x0000000008006574                reset_flags
 .text.substr   0x0000000008006608       0x6e Core/Src/main.o
                0x0000000008006608                substr
 *fill*         0x0000000008006676        0x2 
 .text.LCD_Rec  0x0000000008006678       0x90 Core/Src/main.o
                0x0000000008006678                LCD_Rec
 .text.LCD_Head
                0x0000000008006708      0x154 Core/Src/main.o
                0x0000000008006708                LCD_Head
 .text.LCD_Unconn
                0x000000000800685c        0xc Core/Src/main.o
                0x000000000800685c                LCD_Unconn
 .text.LCD_Conn
                0x0000000008006868      0x264 Core/Src/main.o
                0x0000000008006868                LCD_Conn
 .text.get_hex_num
                0x0000000008006acc       0x3e Core/Src/main.o
                0x0000000008006acc                get_hex_num
 *fill*         0x0000000008006b0a        0x2 
 .text.LED_control
                0x0000000008006b0c       0xa8 Core/Src/main.o
                0x0000000008006b0c                LED_control
 .text.HAL_UART_RxCpltCallback
                0x0000000008006bb4      0x2e8 Core/Src/main.o
                0x0000000008006bb4                HAL_UART_RxCpltCallback
 .text.try_conn
                0x0000000008006e9c      0x1c0 Core/Src/main.o
                0x0000000008006e9c                try_conn
 .text.try_recv
                0x000000000800705c      0x130 Core/Src/main.o
                0x000000000800705c                try_recv
 .text.try_send
                0x000000000800718c      0x140 Core/Src/main.o
                0x000000000800718c                try_send
 .text.HAL_GPIO_EXTI_Callback
                0x00000000080072cc       0xc0 Core/Src/main.o
                0x00000000080072cc                HAL_GPIO_EXTI_Callback
 .text.main     0x000000000800738c      0x1f8 Core/Src/main.o
                0x000000000800738c                main
 .text.SystemClock_Config
                0x0000000008007584       0x8a Core/Src/main.o
                0x0000000008007584                SystemClock_Config
 .text.Error_Handler
                0x000000000800760e        0xc Core/Src/main.o
                0x000000000800760e                Error_Handler
 *fill*         0x000000000800761a        0x2 
 .text.NRF24L01_SPI_Init
                0x000000000800761c       0x40 Core/Src/nrf24L01.o
                0x000000000800761c                NRF24L01_SPI_Init
 .text.NRF24L01_Init
                0x000000000800765c       0x60 Core/Src/nrf24L01.o
                0x000000000800765c                NRF24L01_Init
 .text.SPI1_SetSpeed
                0x00000000080076bc       0x5c Core/Src/nrf24L01.o
 .text.SPIx_ReadWriteByte
                0x0000000008007718       0x38 Core/Src/nrf24L01.o
                0x0000000008007718                SPIx_ReadWriteByte
 .text.NRF24L01_Check
                0x0000000008007750       0x74 Core/Src/nrf24L01.o
                0x0000000008007750                NRF24L01_Check
 .text.NRF24L01_Write_Reg
                0x00000000080077c4       0x50 Core/Src/nrf24L01.o
                0x00000000080077c4                NRF24L01_Write_Reg
 .text.NRF24L01_Read_Reg
                0x0000000008007814       0x48 Core/Src/nrf24L01.o
                0x0000000008007814                NRF24L01_Read_Reg
 .text.NRF24L01_Read_Buf
                0x000000000800785c       0x6c Core/Src/nrf24L01.o
                0x000000000800785c                NRF24L01_Read_Buf
 .text.NRF24L01_Write_Buf
                0x00000000080078c8       0x68 Core/Src/nrf24L01.o
                0x00000000080078c8                NRF24L01_Write_Buf
 .text.NRF24L01_TxPacket
                0x0000000008007930       0x84 Core/Src/nrf24L01.o
                0x0000000008007930                NRF24L01_TxPacket
 .text.NRF24L01_RxPacket
                0x00000000080079b4       0x4c Core/Src/nrf24L01.o
                0x00000000080079b4                NRF24L01_RxPacket
 .text.NRF24L01_RX_Mode
                0x0000000008007a00       0x6c Core/Src/nrf24L01.o
                0x0000000008007a00                NRF24L01_RX_Mode
 .text.NRF24L01_TX_Mode
                0x0000000008007a6c       0x7c Core/Src/nrf24L01.o
                0x0000000008007a6c                NRF24L01_TX_Mode
 .text.MX_SPI1_Init
                0x0000000008007ae8       0x6c Core/Src/spi.o
                0x0000000008007ae8                MX_SPI1_Init
 .text.HAL_SPI_MspInit
                0x0000000008007b54       0xa4 Core/Src/spi.o
                0x0000000008007b54                HAL_SPI_MspInit
 .text.HAL_MspInit
                0x0000000008007bf8       0x68 Core/Src/stm32f1xx_hal_msp.o
                0x0000000008007bf8                HAL_MspInit
 .text.NMI_Handler
                0x0000000008007c60        0xc Core/Src/stm32f1xx_it.o
                0x0000000008007c60                NMI_Handler
 .text.HardFault_Handler
                0x0000000008007c6c        0x6 Core/Src/stm32f1xx_it.o
                0x0000000008007c6c                HardFault_Handler
 .text.MemManage_Handler
                0x0000000008007c72        0x6 Core/Src/stm32f1xx_it.o
                0x0000000008007c72                MemManage_Handler
 .text.BusFault_Handler
                0x0000000008007c78        0x6 Core/Src/stm32f1xx_it.o
                0x0000000008007c78                BusFault_Handler
 .text.UsageFault_Handler
                0x0000000008007c7e        0x6 Core/Src/stm32f1xx_it.o
                0x0000000008007c7e                UsageFault_Handler
 .text.SVC_Handler
                0x0000000008007c84        0xc Core/Src/stm32f1xx_it.o
                0x0000000008007c84                SVC_Handler
 .text.DebugMon_Handler
                0x0000000008007c90        0xc Core/Src/stm32f1xx_it.o
                0x0000000008007c90                DebugMon_Handler
 .text.PendSV_Handler
                0x0000000008007c9c        0xc Core/Src/stm32f1xx_it.o
                0x0000000008007c9c                PendSV_Handler
 .text.SysTick_Handler
                0x0000000008007ca8        0xc Core/Src/stm32f1xx_it.o
                0x0000000008007ca8                SysTick_Handler
 .text.EXTI0_IRQHandler
                0x0000000008007cb4        0xe Core/Src/stm32f1xx_it.o
                0x0000000008007cb4                EXTI0_IRQHandler
 .text.EXTI9_5_IRQHandler
                0x0000000008007cc2        0xe Core/Src/stm32f1xx_it.o
                0x0000000008007cc2                EXTI9_5_IRQHandler
 .text.SPI1_IRQHandler
                0x0000000008007cd0       0x14 Core/Src/stm32f1xx_it.o
                0x0000000008007cd0                SPI1_IRQHandler
 .text.USART1_IRQHandler
                0x0000000008007ce4       0x20 Core/Src/stm32f1xx_it.o
                0x0000000008007ce4                USART1_IRQHandler
 .text.EXTI15_10_IRQHandler
                0x0000000008007d04       0x10 Core/Src/stm32f1xx_it.o
                0x0000000008007d04                EXTI15_10_IRQHandler
 .text._read    0x0000000008007d14       0x3a Core/Src/syscalls.o
                0x0000000008007d14                _read
 .text._write   0x0000000008007d4e       0x38 Core/Src/syscalls.o
                0x0000000008007d4e                _write
 .text._close   0x0000000008007d86       0x16 Core/Src/syscalls.o
                0x0000000008007d86                _close
 .text._fstat   0x0000000008007d9c       0x1e Core/Src/syscalls.o
                0x0000000008007d9c                _fstat
 .text._isatty  0x0000000008007dba       0x14 Core/Src/syscalls.o
                0x0000000008007dba                _isatty
 .text._lseek   0x0000000008007dce       0x18 Core/Src/syscalls.o
                0x0000000008007dce                _lseek
 *fill*         0x0000000008007de6        0x2 
 .text._sbrk    0x0000000008007de8       0x58 Core/Src/sysmem.o
                0x0000000008007de8                _sbrk
 .text.SystemInit
                0x0000000008007e40        0xc Core/Src/system_stm32f1xx.o
                0x0000000008007e40                SystemInit
 .text.MX_USART1_UART_Init
                0x0000000008007e4c       0x54 Core/Src/usart.o
                0x0000000008007e4c                MX_USART1_UART_Init
 .text.HAL_UART_MspInit
                0x0000000008007ea0       0xa8 Core/Src/usart.o
                0x0000000008007ea0                HAL_UART_MspInit
 .text.__io_putchar
                0x0000000008007f48       0x24 Core/Src/usart.o
                0x0000000008007f48                __io_putchar
 .text.Reset_Handler
                0x0000000008007f6c       0x48 Core/Startup/startup_stm32f103rctx.o
                0x0000000008007f6c                Reset_Handler
 .text.Default_Handler
                0x0000000008007fb4        0x2 Core/Startup/startup_stm32f103rctx.o
                0x0000000008007fb4                RTC_Alarm_IRQHandler
                0x0000000008007fb4                EXTI2_IRQHandler
                0x0000000008007fb4                TIM8_TRG_COM_IRQHandler
                0x0000000008007fb4                TIM8_CC_IRQHandler
                0x0000000008007fb4                TIM1_CC_IRQHandler
                0x0000000008007fb4                TIM6_IRQHandler
                0x0000000008007fb4                PVD_IRQHandler
                0x0000000008007fb4                SDIO_IRQHandler
                0x0000000008007fb4                EXTI3_IRQHandler
                0x0000000008007fb4                I2C2_EV_IRQHandler
                0x0000000008007fb4                ADC1_2_IRQHandler
                0x0000000008007fb4                TAMPER_IRQHandler
                0x0000000008007fb4                TIM8_UP_IRQHandler
                0x0000000008007fb4                DMA2_Channel2_IRQHandler
                0x0000000008007fb4                DMA1_Channel4_IRQHandler
                0x0000000008007fb4                USART3_IRQHandler
                0x0000000008007fb4                RTC_IRQHandler
                0x0000000008007fb4                DMA1_Channel7_IRQHandler
                0x0000000008007fb4                CAN1_RX1_IRQHandler
                0x0000000008007fb4                UART5_IRQHandler
                0x0000000008007fb4                ADC3_IRQHandler
                0x0000000008007fb4                TIM4_IRQHandler
                0x0000000008007fb4                DMA2_Channel1_IRQHandler
                0x0000000008007fb4                I2C1_EV_IRQHandler
                0x0000000008007fb4                DMA1_Channel6_IRQHandler
                0x0000000008007fb4                UART4_IRQHandler
                0x0000000008007fb4                TIM3_IRQHandler
                0x0000000008007fb4                RCC_IRQHandler
                0x0000000008007fb4                TIM1_TRG_COM_IRQHandler
                0x0000000008007fb4                DMA1_Channel1_IRQHandler
                0x0000000008007fb4                Default_Handler
                0x0000000008007fb4                TIM7_IRQHandler
                0x0000000008007fb4                TIM5_IRQHandler
                0x0000000008007fb4                SPI2_IRQHandler
                0x0000000008007fb4                DMA1_Channel5_IRQHandler
                0x0000000008007fb4                EXTI4_IRQHandler
                0x0000000008007fb4                USB_LP_CAN1_RX0_IRQHandler
                0x0000000008007fb4                USB_HP_CAN1_TX_IRQHandler
                0x0000000008007fb4                DMA1_Channel3_IRQHandler
                0x0000000008007fb4                FSMC_IRQHandler
                0x0000000008007fb4                TIM1_UP_IRQHandler
                0x0000000008007fb4                WWDG_IRQHandler
                0x0000000008007fb4                TIM2_IRQHandler
                0x0000000008007fb4                TIM1_BRK_IRQHandler
                0x0000000008007fb4                EXTI1_IRQHandler
                0x0000000008007fb4                DMA2_Channel4_5_IRQHandler
                0x0000000008007fb4                USART2_IRQHandler
                0x0000000008007fb4                I2C2_ER_IRQHandler
                0x0000000008007fb4                DMA1_Channel2_IRQHandler
                0x0000000008007fb4                TIM8_BRK_IRQHandler
                0x0000000008007fb4                CAN1_SCE_IRQHandler
                0x0000000008007fb4                FLASH_IRQHandler
                0x0000000008007fb4                SPI3_IRQHandler
                0x0000000008007fb4                I2C1_ER_IRQHandler
                0x0000000008007fb4                USBWakeUp_IRQHandler
                0x0000000008007fb4                DMA2_Channel3_IRQHandler
 *fill*         0x0000000008007fb6        0x2 
 .text.HAL_Init
                0x0000000008007fb8       0x2c Drivers/STM32F1xx_HAL_Driver/Src/stm32f1xx_hal.o
                0x0000000008007fb8                HAL_Init
 .text.HAL_InitTick
                0x0000000008007fe4       0x60 Drivers/STM32F1xx_HAL_Driver/Src/stm32f1xx_hal.o
                0x0000000008007fe4                HAL_InitTick
 .text.HAL_IncTick
                0x0000000008008044       0x24 Drivers/STM32F1xx_HAL_Driver/Src/stm32f1xx_hal.o
                0x0000000008008044                HAL_IncTick
 .text.HAL_GetTick
                0x0000000008008068       0x14 Drivers/STM32F1xx_HAL_Driver/Src/stm32f1xx_hal.o
                0x0000000008008068                HAL_GetTick
 .text.HAL_Delay
                0x000000000800807c       0x44 Drivers/STM32F1xx_HAL_Driver/Src/stm32f1xx_hal.o
                0x000000000800807c                HAL_Delay
 .text.__NVIC_SetPriorityGrouping
                0x00000000080080c0       0x48 Drivers/STM32F1xx_HAL_Driver/Src/stm32f1xx_hal_cortex.o
 .text.__NVIC_GetPriorityGrouping
                0x0000000008008108       0x1c Drivers/STM32F1xx_HAL_Driver/Src/stm32f1xx_hal_cortex.o
 .text.__NVIC_EnableIRQ
                0x0000000008008124       0x38 Drivers/STM32F1xx_HAL_Driver/Src/stm32f1xx_hal_cortex.o
 .text.__NVIC_SetPriority
                0x000000000800815c       0x54 Drivers/STM32F1xx_HAL_Driver/Src/stm32f1xx_hal_cortex.o
 .text.NVIC_EncodePriority
                0x00000000080081b0       0x64 Drivers/STM32F1xx_HAL_Driver/Src/stm32f1xx_hal_cortex.o
 .text.SysTick_Config
                0x0000000008008214       0x44 Drivers/STM32F1xx_HAL_Driver/Src/stm32f1xx_hal_cortex.o
 .text.HAL_NVIC_SetPriorityGrouping
                0x0000000008008258       0x16 Drivers/STM32F1xx_HAL_Driver/Src/stm32f1xx_hal_cortex.o
                0x0000000008008258                HAL_NVIC_SetPriorityGrouping
 .text.HAL_NVIC_SetPriority
                0x000000000800826e       0x38 Drivers/STM32F1xx_HAL_Driver/Src/stm32f1xx_hal_cortex.o
                0x000000000800826e                HAL_NVIC_SetPriority
 .text.HAL_NVIC_EnableIRQ
                0x00000000080082a6       0x1c Drivers/STM32F1xx_HAL_Driver/Src/stm32f1xx_hal_cortex.o
                0x00000000080082a6                HAL_NVIC_EnableIRQ
 .text.HAL_SYSTICK_Config
                0x00000000080082c2       0x18 Drivers/STM32F1xx_HAL_Driver/Src/stm32f1xx_hal_cortex.o
                0x00000000080082c2                HAL_SYSTICK_Config
 *fill*         0x00000000080082da        0x2 
 .text.HAL_DMA_Abort_IT
                0x00000000080082dc      0x210 Drivers/STM32F1xx_HAL_Driver/Src/stm32f1xx_hal_dma.o
                0x00000000080082dc                HAL_DMA_Abort_IT
 .text.HAL_GPIO_Init
                0x00000000080084ec      0x2d4 Drivers/STM32F1xx_HAL_Driver/Src/stm32f1xx_hal_gpio.o
                0x00000000080084ec                HAL_GPIO_Init
 .text.HAL_GPIO_ReadPin
                0x00000000080087c0       0x2e Drivers/STM32F1xx_HAL_Driver/Src/stm32f1xx_hal_gpio.o
                0x00000000080087c0                HAL_GPIO_ReadPin
 .text.HAL_GPIO_WritePin
                0x00000000080087ee       0x30 Drivers/STM32F1xx_HAL_Driver/Src/stm32f1xx_hal_gpio.o
                0x00000000080087ee                HAL_GPIO_WritePin
 .text.HAL_GPIO_TogglePin
                0x000000000800881e       0x32 Drivers/STM32F1xx_HAL_Driver/Src/stm32f1xx_hal_gpio.o
                0x000000000800881e                HAL_GPIO_TogglePin
 .text.HAL_GPIO_EXTI_IRQHandler
                0x0000000008008850       0x30 Drivers/STM32F1xx_HAL_Driver/Src/stm32f1xx_hal_gpio.o
                0x0000000008008850                HAL_GPIO_EXTI_IRQHandler
 .text.HAL_RCC_OscConfig
                0x0000000008008880      0x500 Drivers/STM32F1xx_HAL_Driver/Src/stm32f1xx_hal_rcc.o
                0x0000000008008880                HAL_RCC_OscConfig
 .text.HAL_RCC_ClockConfig
                0x0000000008008d80      0x1d4 Drivers/STM32F1xx_HAL_Driver/Src/stm32f1xx_hal_rcc.o
                0x0000000008008d80                HAL_RCC_ClockConfig
 .text.HAL_RCC_GetSysClockFreq
                0x0000000008008f54       0xc4 Drivers/STM32F1xx_HAL_Driver/Src/stm32f1xx_hal_rcc.o
                0x0000000008008f54                HAL_RCC_GetSysClockFreq
 .text.HAL_RCC_GetHCLKFreq
                0x0000000008009018       0x14 Drivers/STM32F1xx_HAL_Driver/Src/stm32f1xx_hal_rcc.o
                0x0000000008009018                HAL_RCC_GetHCLKFreq
 .text.HAL_RCC_GetPCLK1Freq
                0x000000000800902c       0x28 Drivers/STM32F1xx_HAL_Driver/Src/stm32f1xx_hal_rcc.o
                0x000000000800902c                HAL_RCC_GetPCLK1Freq
 .text.HAL_RCC_GetPCLK2Freq
                0x0000000008009054       0x28 Drivers/STM32F1xx_HAL_Driver/Src/stm32f1xx_hal_rcc.o
                0x0000000008009054                HAL_RCC_GetPCLK2Freq
 .text.RCC_Delay
                0x000000000800907c       0x3c Drivers/STM32F1xx_HAL_Driver/Src/stm32f1xx_hal_rcc.o
 .text.HAL_SPI_Init
                0x00000000080090b8      0x108 Drivers/STM32F1xx_HAL_Driver/Src/stm32f1xx_hal_spi.o
                0x00000000080090b8                HAL_SPI_Init
 .text.HAL_SPI_TransmitReceive
                0x00000000080091c0      0x344 Drivers/STM32F1xx_HAL_Driver/Src/stm32f1xx_hal_spi.o
                0x00000000080091c0                HAL_SPI_TransmitReceive
 .text.HAL_SPI_IRQHandler
                0x0000000008009504      0x1d0 Drivers/STM32F1xx_HAL_Driver/Src/stm32f1xx_hal_spi.o
                0x0000000008009504                HAL_SPI_IRQHandler
 .text.HAL_SPI_ErrorCallback
                0x00000000080096d4       0x12 Drivers/STM32F1xx_HAL_Driver/Src/stm32f1xx_hal_spi.o
                0x00000000080096d4                HAL_SPI_ErrorCallback
 .text.SPI_DMAAbortOnError
                0x00000000080096e6       0x28 Drivers/STM32F1xx_HAL_Driver/Src/stm32f1xx_hal_spi.o
 *fill*         0x000000000800970e        0x2 
 .text.SPI_WaitFlagStateUntilTimeout
                0x0000000008009710      0x110 Drivers/STM32F1xx_HAL_Driver/Src/stm32f1xx_hal_spi.o
 .text.SPI_EndRxTxTransaction
                0x0000000008009820       0x3c Drivers/STM32F1xx_HAL_Driver/Src/stm32f1xx_hal_spi.o
 .text.HAL_UART_Init
                0x000000000800985c       0x9a Drivers/STM32F1xx_HAL_Driver/Src/stm32f1xx_hal_uart.o
                0x000000000800985c                HAL_UART_Init
 .text.HAL_UART_Transmit
                0x00000000080098f6      0x124 Drivers/STM32F1xx_HAL_Driver/Src/stm32f1xx_hal_uart.o
                0x00000000080098f6                HAL_UART_Transmit
 .text.HAL_UART_Receive_IT
                0x0000000008009a1a       0xa8 Drivers/STM32F1xx_HAL_Driver/Src/stm32f1xx_hal_uart.o
                0x0000000008009a1a                HAL_UART_Receive_IT
 *fill*         0x0000000008009ac2        0x2 
 .text.HAL_UART_IRQHandler
                0x0000000008009ac4      0x200 Drivers/STM32F1xx_HAL_Driver/Src/stm32f1xx_hal_uart.o
                0x0000000008009ac4                HAL_UART_IRQHandler
 .text.HAL_UART_TxCpltCallback
                0x0000000008009cc4       0x12 Drivers/STM32F1xx_HAL_Driver/Src/stm32f1xx_hal_uart.o
                0x0000000008009cc4                HAL_UART_TxCpltCallback
 .text.HAL_UART_ErrorCallback
                0x0000000008009cd6       0x12 Drivers/STM32F1xx_HAL_Driver/Src/stm32f1xx_hal_uart.o
                0x0000000008009cd6                HAL_UART_ErrorCallback
 .text.UART_WaitOnFlagUntilTimeout
                0x0000000008009ce8       0x94 Drivers/STM32F1xx_HAL_Driver/Src/stm32f1xx_hal_uart.o
 .text.UART_EndRxTransfer
                0x0000000008009d7c       0x3a Drivers/STM32F1xx_HAL_Driver/Src/stm32f1xx_hal_uart.o
 .text.UART_DMAAbortOnError
                0x0000000008009db6       0x28 Drivers/STM32F1xx_HAL_Driver/Src/stm32f1xx_hal_uart.o
 .text.UART_Transmit_IT
                0x0000000008009dde       0x9e Drivers/STM32F1xx_HAL_Driver/Src/stm32f1xx_hal_uart.o
 .text.UART_EndTransmit_IT
                0x0000000008009e7c       0x30 Drivers/STM32F1xx_HAL_Driver/Src/stm32f1xx_hal_uart.o
 .text.UART_Receive_IT
                0x0000000008009eac      0x100 Drivers/STM32F1xx_HAL_Driver/Src/stm32f1xx_hal_uart.o
 .text.UART_SetConfig
                0x0000000008009fac      0x11c Drivers/STM32F1xx_HAL_Driver/Src/stm32f1xx_hal_uart.o
 .text.atoi     0x000000000800a0c8        0x8 d:/software/st/stm32cubeide_1.3.0/stm32cubeide/plugins/com.st.stm32cube.ide.mcu.externaltools.gnu-tools-for-stm32.7-2018-q2-update.win32_1.0.0.201904181610/tools/bin/../lib/gcc/arm-none-eabi/7.3.1/../../../../arm-none-eabi/lib/thumb/v7-m\libc_nano.a(lib_a-atoi.o)
                0x000000000800a0c8                atoi
 .text.__errno  0x000000000800a0d0        0xc d:/software/st/stm32cubeide_1.3.0/stm32cubeide/plugins/com.st.stm32cube.ide.mcu.externaltools.gnu-tools-for-stm32.7-2018-q2-update.win32_1.0.0.201904181610/tools/bin/../lib/gcc/arm-none-eabi/7.3.1/../../../../arm-none-eabi/lib/thumb/v7-m\libc_nano.a(lib_a-errno.o)
                0x000000000800a0d0                __errno
 .text.__libc_init_array
                0x000000000800a0dc       0x48 d:/software/st/stm32cubeide_1.3.0/stm32cubeide/plugins/com.st.stm32cube.ide.mcu.externaltools.gnu-tools-for-stm32.7-2018-q2-update.win32_1.0.0.201904181610/tools/bin/../lib/gcc/arm-none-eabi/7.3.1/../../../../arm-none-eabi/lib/thumb/v7-m\libc_nano.a(lib_a-init.o)
                0x000000000800a0dc                __libc_init_array
 .text.memset   0x000000000800a124       0x10 d:/software/st/stm32cubeide_1.3.0/stm32cubeide/plugins/com.st.stm32cube.ide.mcu.externaltools.gnu-tools-for-stm32.7-2018-q2-update.win32_1.0.0.201904181610/tools/bin/../lib/gcc/arm-none-eabi/7.3.1/../../../../arm-none-eabi/lib/thumb/v7-m\libc_nano.a(lib_a-memset.o)
                0x000000000800a124                memset
 .text.printf   0x000000000800a134       0x30 d:/software/st/stm32cubeide_1.3.0/stm32cubeide/plugins/com.st.stm32cube.ide.mcu.externaltools.gnu-tools-for-stm32.7-2018-q2-update.win32_1.0.0.201904181610/tools/bin/../lib/gcc/arm-none-eabi/7.3.1/../../../../arm-none-eabi/lib/thumb/v7-m\libc_nano.a(lib_a-printf.o)
                0x000000000800a134                iprintf
                0x000000000800a134                printf
 .text.putchar  0x000000000800a164       0x28 d:/software/st/stm32cubeide_1.3.0/stm32cubeide/plugins/com.st.stm32cube.ide.mcu.externaltools.gnu-tools-for-stm32.7-2018-q2-update.win32_1.0.0.201904181610/tools/bin/../lib/gcc/arm-none-eabi/7.3.1/../../../../arm-none-eabi/lib/thumb/v7-m\libc_nano.a(lib_a-putchar.o)
                0x000000000800a164                putchar
 .text._puts_r  0x000000000800a18c       0xb8 d:/software/st/stm32cubeide_1.3.0/stm32cubeide/plugins/com.st.stm32cube.ide.mcu.externaltools.gnu-tools-for-stm32.7-2018-q2-update.win32_1.0.0.201904181610/tools/bin/../lib/gcc/arm-none-eabi/7.3.1/../../../../arm-none-eabi/lib/thumb/v7-m\libc_nano.a(lib_a-puts.o)
                0x000000000800a18c                _puts_r
 .text.puts     0x000000000800a244       0x10 d:/software/st/stm32cubeide_1.3.0/stm32cubeide/plugins/com.st.stm32cube.ide.mcu.externaltools.gnu-tools-for-stm32.7-2018-q2-update.win32_1.0.0.201904181610/tools/bin/../lib/gcc/arm-none-eabi/7.3.1/../../../../arm-none-eabi/lib/thumb/v7-m\libc_nano.a(lib_a-puts.o)
                0x000000000800a244                puts
 .text.sprintf  0x000000000800a254       0x40 d:/software/st/stm32cubeide_1.3.0/stm32cubeide/plugins/com.st.stm32cube.ide.mcu.externaltools.gnu-tools-for-stm32.7-2018-q2-update.win32_1.0.0.201904181610/tools/bin/../lib/gcc/arm-none-eabi/7.3.1/../../../../arm-none-eabi/lib/thumb/v7-m\libc_nano.a(lib_a-sprintf.o)
                0x000000000800a254                siprintf
                0x000000000800a254                sprintf
 .text.strcpy   0x000000000800a294       0x10 d:/software/st/stm32cubeide_1.3.0/stm32cubeide/plugins/com.st.stm32cube.ide.mcu.externaltools.gnu-tools-for-stm32.7-2018-q2-update.win32_1.0.0.201904181610/tools/bin/../lib/gcc/arm-none-eabi/7.3.1/../../../../arm-none-eabi/lib/thumb/v7-m\libc_nano.a(lib_a-strcpy.o)
                0x000000000800a294                strcpy
 .text._strtol_l.isra.0
                0x000000000800a2a4       0xf6 d:/software/st/stm32cubeide_1.3.0/stm32cubeide/plugins/com.st.stm32cube.ide.mcu.externaltools.gnu-tools-for-stm32.7-2018-q2-update.win32_1.0.0.201904181610/tools/bin/../lib/gcc/arm-none-eabi/7.3.1/../../../../arm-none-eabi/lib/thumb/v7-m\libc_nano.a(lib_a-strtol.o)
 *fill*         0x000000000800a39a        0x2 
 .text.strtol   0x000000000800a39c       0x2c d:/software/st/stm32cubeide_1.3.0/stm32cubeide/plugins/com.st.stm32cube.ide.mcu.externaltools.gnu-tools-for-stm32.7-2018-q2-update.win32_1.0.0.201904181610/tools/bin/../lib/gcc/arm-none-eabi/7.3.1/../../../../arm-none-eabi/lib/thumb/v7-m\libc_nano.a(lib_a-strtol.o)
                0x000000000800a39c                strtol
 .text.__swbuf_r
                0x000000000800a3c8       0xa4 d:/software/st/stm32cubeide_1.3.0/stm32cubeide/plugins/com.st.stm32cube.ide.mcu.externaltools.gnu-tools-for-stm32.7-2018-q2-update.win32_1.0.0.201904181610/tools/bin/../lib/gcc/arm-none-eabi/7.3.1/../../../../arm-none-eabi/lib/thumb/v7-m\libc_nano.a(lib_a-wbuf.o)
                0x000000000800a3c8                __swbuf_r
 .text.__swsetup_r
                0x000000000800a46c       0xdc d:/software/st/stm32cubeide_1.3.0/stm32cubeide/plugins/com.st.stm32cube.ide.mcu.externaltools.gnu-tools-for-stm32.7-2018-q2-update.win32_1.0.0.201904181610/tools/bin/../lib/gcc/arm-none-eabi/7.3.1/../../../../arm-none-eabi/lib/thumb/v7-m\libc_nano.a(lib_a-wsetup.o)
                0x000000000800a46c                __swsetup_r
 .text.__sflush_r
                0x000000000800a548      0x10c d:/software/st/stm32cubeide_1.3.0/stm32cubeide/plugins/com.st.stm32cube.ide.mcu.externaltools.gnu-tools-for-stm32.7-2018-q2-update.win32_1.0.0.201904181610/tools/bin/../lib/gcc/arm-none-eabi/7.3.1/../../../../arm-none-eabi/lib/thumb/v7-m\libc_nano.a(lib_a-fflush.o)
                0x000000000800a548                __sflush_r
 .text._fflush_r
                0x000000000800a654       0x54 d:/software/st/stm32cubeide_1.3.0/stm32cubeide/plugins/com.st.stm32cube.ide.mcu.externaltools.gnu-tools-for-stm32.7-2018-q2-update.win32_1.0.0.201904181610/tools/bin/../lib/gcc/arm-none-eabi/7.3.1/../../../../arm-none-eabi/lib/thumb/v7-m\libc_nano.a(lib_a-fflush.o)
                0x000000000800a654                _fflush_r
 .text.std      0x000000000800a6a8       0x48 d:/software/st/stm32cubeide_1.3.0/stm32cubeide/plugins/com.st.stm32cube.ide.mcu.externaltools.gnu-tools-for-stm32.7-2018-q2-update.win32_1.0.0.201904181610/tools/bin/../lib/gcc/arm-none-eabi/7.3.1/../../../../arm-none-eabi/lib/thumb/v7-m\libc_nano.a(lib_a-findfp.o)
 .text._cleanup_r
                0x000000000800a6f0        0xc d:/software/st/stm32cubeide_1.3.0/stm32cubeide/plugins/com.st.stm32cube.ide.mcu.externaltools.gnu-tools-for-stm32.7-2018-q2-update.win32_1.0.0.201904181610/tools/bin/../lib/gcc/arm-none-eabi/7.3.1/../../../../arm-none-eabi/lib/thumb/v7-m\libc_nano.a(lib_a-findfp.o)
                0x000000000800a6f0                _cleanup_r
 .text.__sfmoreglue
                0x000000000800a6fc       0x2c d:/software/st/stm32cubeide_1.3.0/stm32cubeide/plugins/com.st.stm32cube.ide.mcu.externaltools.gnu-tools-for-stm32.7-2018-q2-update.win32_1.0.0.201904181610/tools/bin/../lib/gcc/arm-none-eabi/7.3.1/../../../../arm-none-eabi/lib/thumb/v7-m\libc_nano.a(lib_a-findfp.o)
                0x000000000800a6fc                __sfmoreglue
 .text.__sinit  0x000000000800a728       0x60 d:/software/st/stm32cubeide_1.3.0/stm32cubeide/plugins/com.st.stm32cube.ide.mcu.externaltools.gnu-tools-for-stm32.7-2018-q2-update.win32_1.0.0.201904181610/tools/bin/../lib/gcc/arm-none-eabi/7.3.1/../../../../arm-none-eabi/lib/thumb/v7-m\libc_nano.a(lib_a-findfp.o)
                0x000000000800a728                __sinit
 .text.__sfp    0x000000000800a788       0x78 d:/software/st/stm32cubeide_1.3.0/stm32cubeide/plugins/com.st.stm32cube.ide.mcu.externaltools.gnu-tools-for-stm32.7-2018-q2-update.win32_1.0.0.201904181610/tools/bin/../lib/gcc/arm-none-eabi/7.3.1/../../../../arm-none-eabi/lib/thumb/v7-m\libc_nano.a(lib_a-findfp.o)
                0x000000000800a788                __sfp
 .text._fwalk_reent
                0x000000000800a800       0x3c d:/software/st/stm32cubeide_1.3.0/stm32cubeide/plugins/com.st.stm32cube.ide.mcu.externaltools.gnu-tools-for-stm32.7-2018-q2-update.win32_1.0.0.201904181610/tools/bin/../lib/gcc/arm-none-eabi/7.3.1/../../../../arm-none-eabi/lib/thumb/v7-m\libc_nano.a(lib_a-fwalk.o)
                0x000000000800a800                _fwalk_reent
 .text.__locale_ctype_ptr_l
                0x000000000800a83c        0x6 d:/software/st/stm32cubeide_1.3.0/stm32cubeide/plugins/com.st.stm32cube.ide.mcu.externaltools.gnu-tools-for-stm32.7-2018-q2-update.win32_1.0.0.201904181610/tools/bin/../lib/gcc/arm-none-eabi/7.3.1/../../../../arm-none-eabi/lib/thumb/v7-m\libc_nano.a(lib_a-locale.o)
                0x000000000800a83c                __locale_ctype_ptr_l
 .text.__swhatbuf_r
                0x000000000800a842       0x48 d:/software/st/stm32cubeide_1.3.0/stm32cubeide/plugins/com.st.stm32cube.ide.mcu.externaltools.gnu-tools-for-stm32.7-2018-q2-update.win32_1.0.0.201904181610/tools/bin/../lib/gcc/arm-none-eabi/7.3.1/../../../../arm-none-eabi/lib/thumb/v7-m\libc_nano.a(lib_a-makebuf.o)
                0x000000000800a842                __swhatbuf_r
 *fill*         0x000000000800a88a        0x2 
 .text.__smakebuf_r
                0x000000000800a88c       0x80 d:/software/st/stm32cubeide_1.3.0/stm32cubeide/plugins/com.st.stm32cube.ide.mcu.externaltools.gnu-tools-for-stm32.7-2018-q2-update.win32_1.0.0.201904181610/tools/bin/../lib/gcc/arm-none-eabi/7.3.1/../../../../arm-none-eabi/lib/thumb/v7-m\libc_nano.a(lib_a-makebuf.o)
                0x000000000800a88c                __smakebuf_r
 .text.__ascii_mbtowc
                0x000000000800a90c       0x24 d:/software/st/stm32cubeide_1.3.0/stm32cubeide/plugins/com.st.stm32cube.ide.mcu.externaltools.gnu-tools-for-stm32.7-2018-q2-update.win32_1.0.0.201904181610/tools/bin/../lib/gcc/arm-none-eabi/7.3.1/../../../../arm-none-eabi/lib/thumb/v7-m\libc_nano.a(lib_a-mbtowc_r.o)
                0x000000000800a90c                __ascii_mbtowc
 .text._free_r  0x000000000800a930       0x98 d:/software/st/stm32cubeide_1.3.0/stm32cubeide/plugins/com.st.stm32cube.ide.mcu.externaltools.gnu-tools-for-stm32.7-2018-q2-update.win32_1.0.0.201904181610/tools/bin/../lib/gcc/arm-none-eabi/7.3.1/../../../../arm-none-eabi/lib/thumb/v7-m\libc_nano.a(lib_a-nano-freer.o)
                0x000000000800a930                _free_r
 .text._malloc_r
                0x000000000800a9c8       0xb4 d:/software/st/stm32cubeide_1.3.0/stm32cubeide/plugins/com.st.stm32cube.ide.mcu.externaltools.gnu-tools-for-stm32.7-2018-q2-update.win32_1.0.0.201904181610/tools/bin/../lib/gcc/arm-none-eabi/7.3.1/../../../../arm-none-eabi/lib/thumb/v7-m\libc_nano.a(lib_a-nano-mallocr.o)
                0x000000000800a9c8                _malloc_r
 .text.__ssputs_r
                0x000000000800aa7c       0xb4 d:/software/st/stm32cubeide_1.3.0/stm32cubeide/plugins/com.st.stm32cube.ide.mcu.externaltools.gnu-tools-for-stm32.7-2018-q2-update.win32_1.0.0.201904181610/tools/bin/../lib/gcc/arm-none-eabi/7.3.1/../../../../arm-none-eabi/lib/thumb/v7-m\libc_nano.a(lib_a-nano-svfprintf.o)
                0x000000000800aa7c                __ssputs_r
 .text._svfprintf_r
                0x000000000800ab30      0x1f0 d:/software/st/stm32cubeide_1.3.0/stm32cubeide/plugins/com.st.stm32cube.ide.mcu.externaltools.gnu-tools-for-stm32.7-2018-q2-update.win32_1.0.0.201904181610/tools/bin/../lib/gcc/arm-none-eabi/7.3.1/../../../../arm-none-eabi/lib/thumb/v7-m\libc_nano.a(lib_a-nano-svfprintf.o)
                0x000000000800ab30                _svfiprintf_r
                0x000000000800ab30                _svfprintf_r
 .text.__sfputc_r
                0x000000000800ad20       0x2a d:/software/st/stm32cubeide_1.3.0/stm32cubeide/plugins/com.st.stm32cube.ide.mcu.externaltools.gnu-tools-for-stm32.7-2018-q2-update.win32_1.0.0.201904181610/tools/bin/../lib/gcc/arm-none-eabi/7.3.1/../../../../arm-none-eabi/lib/thumb/v7-m\libc_nano.a(lib_a-nano-vfprintf.o)
 .text.__sfputs_r
                0x000000000800ad4a       0x24 d:/software/st/stm32cubeide_1.3.0/stm32cubeide/plugins/com.st.stm32cube.ide.mcu.externaltools.gnu-tools-for-stm32.7-2018-q2-update.win32_1.0.0.201904181610/tools/bin/../lib/gcc/arm-none-eabi/7.3.1/../../../../arm-none-eabi/lib/thumb/v7-m\libc_nano.a(lib_a-nano-vfprintf.o)
                0x000000000800ad4a                __sfputs_r
 *fill*         0x000000000800ad6e        0x2 
 .text._vfprintf_r
                0x000000000800ad70      0x22c d:/software/st/stm32cubeide_1.3.0/stm32cubeide/plugins/com.st.stm32cube.ide.mcu.externaltools.gnu-tools-for-stm32.7-2018-q2-update.win32_1.0.0.201904181610/tools/bin/../lib/gcc/arm-none-eabi/7.3.1/../../../../arm-none-eabi/lib/thumb/v7-m\libc_nano.a(lib_a-nano-vfprintf.o)
                0x000000000800ad70                _vfprintf_r
                0x000000000800ad70                _vfiprintf_r
 .text._printf_common
                0x000000000800af9c       0xec d:/software/st/stm32cubeide_1.3.0/stm32cubeide/plugins/com.st.stm32cube.ide.mcu.externaltools.gnu-tools-for-stm32.7-2018-q2-update.win32_1.0.0.201904181610/tools/bin/../lib/gcc/arm-none-eabi/7.3.1/../../../../arm-none-eabi/lib/thumb/v7-m\libc_nano.a(lib_a-nano-vfprintf_i.o)
                0x000000000800af9c                _printf_common
 .text._printf_i
                0x000000000800b088      0x224 d:/software/st/stm32cubeide_1.3.0/stm32cubeide/plugins/com.st.stm32cube.ide.mcu.externaltools.gnu-tools-for-stm32.7-2018-q2-update.win32_1.0.0.201904181610/tools/bin/../lib/gcc/arm-none-eabi/7.3.1/../../../../arm-none-eabi/lib/thumb/v7-m\libc_nano.a(lib_a-nano-vfprintf_i.o)
                0x000000000800b088                _printf_i
 .text._putc_r  0x000000000800b2ac       0x6c d:/software/st/stm32cubeide_1.3.0/stm32cubeide/plugins/com.st.stm32cube.ide.mcu.externaltools.gnu-tools-for-stm32.7-2018-q2-update.win32_1.0.0.201904181610/tools/bin/../lib/gcc/arm-none-eabi/7.3.1/../../../../arm-none-eabi/lib/thumb/v7-m\libc_nano.a(lib_a-putc.o)
                0x000000000800b2ac                _putc_r
 .text._sbrk_r  0x000000000800b318       0x20 d:/software/st/stm32cubeide_1.3.0/stm32cubeide/plugins/com.st.stm32cube.ide.mcu.externaltools.gnu-tools-for-stm32.7-2018-q2-update.win32_1.0.0.201904181610/tools/bin/../lib/gcc/arm-none-eabi/7.3.1/../../../../arm-none-eabi/lib/thumb/v7-m\libc_nano.a(lib_a-sbrkr.o)
                0x000000000800b318                _sbrk_r
 .text.__sread  0x000000000800b338       0x22 d:/software/st/stm32cubeide_1.3.0/stm32cubeide/plugins/com.st.stm32cube.ide.mcu.externaltools.gnu-tools-for-stm32.7-2018-q2-update.win32_1.0.0.201904181610/tools/bin/../lib/gcc/arm-none-eabi/7.3.1/../../../../arm-none-eabi/lib/thumb/v7-m\libc_nano.a(lib_a-stdio.o)
                0x000000000800b338                __sread
 .text.__swrite
                0x000000000800b35a       0x38 d:/software/st/stm32cubeide_1.3.0/stm32cubeide/plugins/com.st.stm32cube.ide.mcu.externaltools.gnu-tools-for-stm32.7-2018-q2-update.win32_1.0.0.201904181610/tools/bin/../lib/gcc/arm-none-eabi/7.3.1/../../../../arm-none-eabi/lib/thumb/v7-m\libc_nano.a(lib_a-stdio.o)
                0x000000000800b35a                __swrite
 .text.__sseek  0x000000000800b392       0x24 d:/software/st/stm32cubeide_1.3.0/stm32cubeide/plugins/com.st.stm32cube.ide.mcu.externaltools.gnu-tools-for-stm32.7-2018-q2-update.win32_1.0.0.201904181610/tools/bin/../lib/gcc/arm-none-eabi/7.3.1/../../../../arm-none-eabi/lib/thumb/v7-m\libc_nano.a(lib_a-stdio.o)
                0x000000000800b392                __sseek
 .text.__sclose
                0x000000000800b3b6        0x8 d:/software/st/stm32cubeide_1.3.0/stm32cubeide/plugins/com.st.stm32cube.ide.mcu.externaltools.gnu-tools-for-stm32.7-2018-q2-update.win32_1.0.0.201904181610/tools/bin/../lib/gcc/arm-none-eabi/7.3.1/../../../../arm-none-eabi/lib/thumb/v7-m\libc_nano.a(lib_a-stdio.o)
                0x000000000800b3b6                __sclose
 .text.__ascii_wctomb
                0x000000000800b3be       0x1a d:/software/st/stm32cubeide_1.3.0/stm32cubeide/plugins/com.st.stm32cube.ide.mcu.externaltools.gnu-tools-for-stm32.7-2018-q2-update.win32_1.0.0.201904181610/tools/bin/../lib/gcc/arm-none-eabi/7.3.1/../../../../arm-none-eabi/lib/thumb/v7-m\libc_nano.a(lib_a-wctomb_r.o)
                0x000000000800b3be                __ascii_wctomb
 .text._write_r
                0x000000000800b3d8       0x24 d:/software/st/stm32cubeide_1.3.0/stm32cubeide/plugins/com.st.stm32cube.ide.mcu.externaltools.gnu-tools-for-stm32.7-2018-q2-update.win32_1.0.0.201904181610/tools/bin/../lib/gcc/arm-none-eabi/7.3.1/../../../../arm-none-eabi/lib/thumb/v7-m\libc_nano.a(lib_a-writer.o)
                0x000000000800b3d8                _write_r
 .text._close_r
                0x000000000800b3fc       0x20 d:/software/st/stm32cubeide_1.3.0/stm32cubeide/plugins/com.st.stm32cube.ide.mcu.externaltools.gnu-tools-for-stm32.7-2018-q2-update.win32_1.0.0.201904181610/tools/bin/../lib/gcc/arm-none-eabi/7.3.1/../../../../arm-none-eabi/lib/thumb/v7-m\libc_nano.a(lib_a-closer.o)
                0x000000000800b3fc                _close_r
 .text._fstat_r
                0x000000000800b41c       0x24 d:/software/st/stm32cubeide_1.3.0/stm32cubeide/plugins/com.st.stm32cube.ide.mcu.externaltools.gnu-tools-for-stm32.7-2018-q2-update.win32_1.0.0.201904181610/tools/bin/../lib/gcc/arm-none-eabi/7.3.1/../../../../arm-none-eabi/lib/thumb/v7-m\libc_nano.a(lib_a-fstatr.o)
                0x000000000800b41c                _fstat_r
 .text._isatty_r
                0x000000000800b440       0x20 d:/software/st/stm32cubeide_1.3.0/stm32cubeide/plugins/com.st.stm32cube.ide.mcu.externaltools.gnu-tools-for-stm32.7-2018-q2-update.win32_1.0.0.201904181610/tools/bin/../lib/gcc/arm-none-eabi/7.3.1/../../../../arm-none-eabi/lib/thumb/v7-m\libc_nano.a(lib_a-isattyr.o)
                0x000000000800b440                _isatty_r
 .text._lseek_r
                0x000000000800b460       0x24 d:/software/st/stm32cubeide_1.3.0/stm32cubeide/plugins/com.st.stm32cube.ide.mcu.externaltools.gnu-tools-for-stm32.7-2018-q2-update.win32_1.0.0.201904181610/tools/bin/../lib/gcc/arm-none-eabi/7.3.1/../../../../arm-none-eabi/lib/thumb/v7-m\libc_nano.a(lib_a-lseekr.o)
                0x000000000800b460                _lseek_r
 .text.memchr   0x000000000800b484       0x1c d:/software/st/stm32cubeide_1.3.0/stm32cubeide/plugins/com.st.stm32cube.ide.mcu.externaltools.gnu-tools-for-stm32.7-2018-q2-update.win32_1.0.0.201904181610/tools/bin/../lib/gcc/arm-none-eabi/7.3.1/../../../../arm-none-eabi/lib/thumb/v7-m\libc_nano.a(lib_a-memchr-stub.o)
                0x000000000800b484                memchr
 .text.memcpy   0x000000000800b4a0       0x16 d:/software/st/stm32cubeide_1.3.0/stm32cubeide/plugins/com.st.stm32cube.ide.mcu.externaltools.gnu-tools-for-stm32.7-2018-q2-update.win32_1.0.0.201904181610/tools/bin/../lib/gcc/arm-none-eabi/7.3.1/../../../../arm-none-eabi/lib/thumb/v7-m\libc_nano.a(lib_a-memcpy-stub.o)
                0x000000000800b4a0                memcpy
 .text.memmove  0x000000000800b4b6       0x32 d:/software/st/stm32cubeide_1.3.0/stm32cubeide/plugins/com.st.stm32cube.ide.mcu.externaltools.gnu-tools-for-stm32.7-2018-q2-update.win32_1.0.0.201904181610/tools/bin/../lib/gcc/arm-none-eabi/7.3.1/../../../../arm-none-eabi/lib/thumb/v7-m\libc_nano.a(lib_a-memmove.o)
                0x000000000800b4b6                memmove
 .text.__malloc_lock
                0x000000000800b4e8        0x2 d:/software/st/stm32cubeide_1.3.0/stm32cubeide/plugins/com.st.stm32cube.ide.mcu.externaltools.gnu-tools-for-stm32.7-2018-q2-update.win32_1.0.0.201904181610/tools/bin/../lib/gcc/arm-none-eabi/7.3.1/../../../../arm-none-eabi/lib/thumb/v7-m\libc_nano.a(lib_a-mlock.o)
                0x000000000800b4e8                __malloc_lock
 .text.__malloc_unlock
                0x000000000800b4ea        0x2 d:/software/st/stm32cubeide_1.3.0/stm32cubeide/plugins/com.st.stm32cube.ide.mcu.externaltools.gnu-tools-for-stm32.7-2018-q2-update.win32_1.0.0.201904181610/tools/bin/../lib/gcc/arm-none-eabi/7.3.1/../../../../arm-none-eabi/lib/thumb/v7-m\libc_nano.a(lib_a-mlock.o)
                0x000000000800b4ea                __malloc_unlock
 .text._realloc_r
                0x000000000800b4ec       0x4c d:/software/st/stm32cubeide_1.3.0/stm32cubeide/plugins/com.st.stm32cube.ide.mcu.externaltools.gnu-tools-for-stm32.7-2018-q2-update.win32_1.0.0.201904181610/tools/bin/../lib/gcc/arm-none-eabi/7.3.1/../../../../arm-none-eabi/lib/thumb/v7-m\libc_nano.a(lib_a-nano-reallocr.o)
                0x000000000800b4ec                _realloc_r
 .text._read_r  0x000000000800b538       0x24 d:/software/st/stm32cubeide_1.3.0/stm32cubeide/plugins/com.st.stm32cube.ide.mcu.externaltools.gnu-tools-for-stm32.7-2018-q2-update.win32_1.0.0.201904181610/tools/bin/../lib/gcc/arm-none-eabi/7.3.1/../../../../arm-none-eabi/lib/thumb/v7-m\libc_nano.a(lib_a-readr.o)
                0x000000000800b538                _read_r
 .text._malloc_usable_size_r
                0x000000000800b55c       0x10 d:/software/st/stm32cubeide_1.3.0/stm32cubeide/plugins/com.st.stm32cube.ide.mcu.externaltools.gnu-tools-for-stm32.7-2018-q2-update.win32_1.0.0.201904181610/tools/bin/../lib/gcc/arm-none-eabi/7.3.1/../../../../arm-none-eabi/lib/thumb/v7-m\libc_nano.a(lib_a-nano-msizer.o)
                0x000000000800b55c                _malloc_usable_size_r
 *(.glue_7)
 .glue_7        0x000000000800b56c        0x0 linker stubs
 *(.glue_7t)
 .glue_7t       0x000000000800b56c        0x0 linker stubs
 *(.eh_frame)
 .eh_frame      0x000000000800b56c        0x0 d:/software/st/stm32cubeide_1.3.0/stm32cubeide/plugins/com.st.stm32cube.ide.mcu.externaltools.gnu-tools-for-stm32.7-2018-q2-update.win32_1.0.0.201904181610/tools/bin/../lib/gcc/arm-none-eabi/7.3.1/thumb/v7-m/crtbegin.o
 *(.init)
 .init          0x000000000800b56c        0x4 d:/software/st/stm32cubeide_1.3.0/stm32cubeide/plugins/com.st.stm32cube.ide.mcu.externaltools.gnu-tools-for-stm32.7-2018-q2-update.win32_1.0.0.201904181610/tools/bin/../lib/gcc/arm-none-eabi/7.3.1/thumb/v7-m/crti.o
                0x000000000800b56c                _init
 .init          0x000000000800b570        0x8 d:/software/st/stm32cubeide_1.3.0/stm32cubeide/plugins/com.st.stm32cube.ide.mcu.externaltools.gnu-tools-for-stm32.7-2018-q2-update.win32_1.0.0.201904181610/tools/bin/../lib/gcc/arm-none-eabi/7.3.1/thumb/v7-m/crtn.o
 *(.fini)
 .fini          0x000000000800b578        0x4 d:/software/st/stm32cubeide_1.3.0/stm32cubeide/plugins/com.st.stm32cube.ide.mcu.externaltools.gnu-tools-for-stm32.7-2018-q2-update.win32_1.0.0.201904181610/tools/bin/../lib/gcc/arm-none-eabi/7.3.1/thumb/v7-m/crti.o
                0x000000000800b578                _fini
 .fini          0x000000000800b57c        0x8 d:/software/st/stm32cubeide_1.3.0/stm32cubeide/plugins/com.st.stm32cube.ide.mcu.externaltools.gnu-tools-for-stm32.7-2018-q2-update.win32_1.0.0.201904181610/tools/bin/../lib/gcc/arm-none-eabi/7.3.1/thumb/v7-m/crtn.o
                0x000000000800b584                . = ALIGN (0x4)
                0x000000000800b584                _etext = .

.vfp11_veneer   0x000000000800b584        0x0
 .vfp11_veneer  0x000000000800b584        0x0 linker stubs

.v4_bx          0x000000000800b584        0x0
 .v4_bx         0x000000000800b584        0x0 linker stubs

.iplt           0x000000000800b584        0x0
 .iplt          0x000000000800b584        0x0 d:/software/st/stm32cubeide_1.3.0/stm32cubeide/plugins/com.st.stm32cube.ide.mcu.externaltools.gnu-tools-for-stm32.7-2018-q2-update.win32_1.0.0.201904181610/tools/bin/../lib/gcc/arm-none-eabi/7.3.1/thumb/v7-m/crtbegin.o

.rodata         0x000000000800b584     0x1ed4
                0x000000000800b584                . = ALIGN (0x4)
 *(.rodata)
 .rodata        0x000000000800b584      0x539 Core/Src/main.o
 *fill*         0x000000000800babd        0x3 
 .rodata        0x000000000800bac0        0x5 Core/Src/nrf24L01.o
 *fill*         0x000000000800bac5        0x3 
 .rodata        0x000000000800bac8       0x12 Drivers/STM32F1xx_HAL_Driver/Src/stm32f1xx_hal_rcc.o
 *(.rodata*)
 *fill*         0x000000000800bada        0x2 
 .rodata.asc2_1206
                0x000000000800badc      0x474 Core/Src/lcd.o
                0x000000000800badc                asc2_1206
 .rodata.asc2_1608
                0x000000000800bf50      0x5f0 Core/Src/lcd.o
                0x000000000800bf50                asc2_1608
 .rodata.asc2_2412
                0x000000000800c540      0xd5c Core/Src/lcd.o
                0x000000000800c540                asc2_2412
 .rodata.AHBPrescTable
                0x000000000800d29c       0x10 Core/Src/system_stm32f1xx.o
                0x000000000800d29c                AHBPrescTable
 .rodata.APBPrescTable
                0x000000000800d2ac        0x8 Core/Src/system_stm32f1xx.o
                0x000000000800d2ac                APBPrescTable
 .rodata._global_impure_ptr
                0x000000000800d2b4        0x4 d:/software/st/stm32cubeide_1.3.0/stm32cubeide/plugins/com.st.stm32cube.ide.mcu.externaltools.gnu-tools-for-stm32.7-2018-q2-update.win32_1.0.0.201904181610/tools/bin/../lib/gcc/arm-none-eabi/7.3.1/../../../../arm-none-eabi/lib/thumb/v7-m\libc_nano.a(lib_a-impure.o)
                0x000000000800d2b4                _global_impure_ptr
 .rodata.__sf_fake_stderr
                0x000000000800d2b8       0x20 d:/software/st/stm32cubeide_1.3.0/stm32cubeide/plugins/com.st.stm32cube.ide.mcu.externaltools.gnu-tools-for-stm32.7-2018-q2-update.win32_1.0.0.201904181610/tools/bin/../lib/gcc/arm-none-eabi/7.3.1/../../../../arm-none-eabi/lib/thumb/v7-m\libc_nano.a(lib_a-findfp.o)
                0x000000000800d2b8                __sf_fake_stderr
 .rodata.__sf_fake_stdin
                0x000000000800d2d8       0x20 d:/software/st/stm32cubeide_1.3.0/stm32cubeide/plugins/com.st.stm32cube.ide.mcu.externaltools.gnu-tools-for-stm32.7-2018-q2-update.win32_1.0.0.201904181610/tools/bin/../lib/gcc/arm-none-eabi/7.3.1/../../../../arm-none-eabi/lib/thumb/v7-m\libc_nano.a(lib_a-findfp.o)
                0x000000000800d2d8                __sf_fake_stdin
 .rodata.__sf_fake_stdout
                0x000000000800d2f8       0x20 d:/software/st/stm32cubeide_1.3.0/stm32cubeide/plugins/com.st.stm32cube.ide.mcu.externaltools.gnu-tools-for-stm32.7-2018-q2-update.win32_1.0.0.201904181610/tools/bin/../lib/gcc/arm-none-eabi/7.3.1/../../../../arm-none-eabi/lib/thumb/v7-m\libc_nano.a(lib_a-findfp.o)
                0x000000000800d2f8                __sf_fake_stdout
 .rodata._setlocale_r.str1.1
                0x000000000800d318        0x8 d:/software/st/stm32cubeide_1.3.0/stm32cubeide/plugins/com.st.stm32cube.ide.mcu.externaltools.gnu-tools-for-stm32.7-2018-q2-update.win32_1.0.0.201904181610/tools/bin/../lib/gcc/arm-none-eabi/7.3.1/../../../../arm-none-eabi/lib/thumb/v7-m\libc_nano.a(lib_a-locale.o)
                                          0x9 (size before relaxing)
 .rodata.str1.1
                0x000000000800d320        0x2 d:/software/st/stm32cubeide_1.3.0/stm32cubeide/plugins/com.st.stm32cube.ide.mcu.externaltools.gnu-tools-for-stm32.7-2018-q2-update.win32_1.0.0.201904181610/tools/bin/../lib/gcc/arm-none-eabi/7.3.1/../../../../arm-none-eabi/lib/thumb/v7-m\libc_nano.a(lib_a-locale.o)
 .rodata._svfprintf_r.str1.1
                0x000000000800d322       0x11 d:/software/st/stm32cubeide_1.3.0/stm32cubeide/plugins/com.st.stm32cube.ide.mcu.externaltools.gnu-tools-for-stm32.7-2018-q2-update.win32_1.0.0.201904181610/tools/bin/../lib/gcc/arm-none-eabi/7.3.1/../../../../arm-none-eabi/lib/thumb/v7-m\libc_nano.a(lib_a-nano-svfprintf.o)
 .rodata._vfprintf_r.str1.1
                0x000000000800d333       0x11 d:/software/st/stm32cubeide_1.3.0/stm32cubeide/plugins/com.st.stm32cube.ide.mcu.externaltools.gnu-tools-for-stm32.7-2018-q2-update.win32_1.0.0.201904181610/tools/bin/../lib/gcc/arm-none-eabi/7.3.1/../../../../arm-none-eabi/lib/thumb/v7-m\libc_nano.a(lib_a-nano-vfprintf.o)
 .rodata._printf_i.str1.1
                0x000000000800d333       0x22 d:/software/st/stm32cubeide_1.3.0/stm32cubeide/plugins/com.st.stm32cube.ide.mcu.externaltools.gnu-tools-for-stm32.7-2018-q2-update.win32_1.0.0.201904181610/tools/bin/../lib/gcc/arm-none-eabi/7.3.1/../../../../arm-none-eabi/lib/thumb/v7-m\libc_nano.a(lib_a-nano-vfprintf_i.o)
 .rodata._ctype_
                0x000000000800d355      0x101 d:/software/st/stm32cubeide_1.3.0/stm32cubeide/plugins/com.st.stm32cube.ide.mcu.externaltools.gnu-tools-for-stm32.7-2018-q2-update.win32_1.0.0.201904181610/tools/bin/../lib/gcc/arm-none-eabi/7.3.1/../../../../arm-none-eabi/lib/thumb/v7-m\libc_nano.a(lib_a-ctype_.o)
                0x000000000800d355                _ctype_
                0x000000000800d458                . = ALIGN (0x4)
 *fill*         0x000000000800d456        0x2 

.rel.dyn        0x000000000800d458        0x0
 .rel.iplt      0x000000000800d458        0x0 d:/software/st/stm32cubeide_1.3.0/stm32cubeide/plugins/com.st.stm32cube.ide.mcu.externaltools.gnu-tools-for-stm32.7-2018-q2-update.win32_1.0.0.201904181610/tools/bin/../lib/gcc/arm-none-eabi/7.3.1/thumb/v7-m/crtbegin.o

.ARM.extab      0x000000000800d458        0x0
                0x000000000800d458                . = ALIGN (0x4)
 *(.ARM.extab* .gnu.linkonce.armextab.*)
                0x000000000800d458                . = ALIGN (0x4)

.ARM            0x000000000800d458        0x0
                0x000000000800d458                . = ALIGN (0x4)
                0x000000000800d458                __exidx_start = .
 *(.ARM.exidx*)
                0x000000000800d458                __exidx_end = .
                0x000000000800d458                . = ALIGN (0x4)

.preinit_array  0x000000000800d458        0x0
                0x000000000800d458                . = ALIGN (0x4)
                0x000000000800d458                PROVIDE (__preinit_array_start = .)
 *(.preinit_array*)
                0x000000000800d458                PROVIDE (__preinit_array_end = .)
                0x000000000800d458                . = ALIGN (0x4)

.init_array     0x000000000800d458        0x4
                0x000000000800d458                . = ALIGN (0x4)
                0x000000000800d458                PROVIDE (__init_array_start = .)
 *(SORT_BY_NAME(.init_array.*))
 *(.init_array*)
 .init_array    0x000000000800d458        0x4 d:/software/st/stm32cubeide_1.3.0/stm32cubeide/plugins/com.st.stm32cube.ide.mcu.externaltools.gnu-tools-for-stm32.7-2018-q2-update.win32_1.0.0.201904181610/tools/bin/../lib/gcc/arm-none-eabi/7.3.1/thumb/v7-m/crtbegin.o
                0x000000000800d45c                PROVIDE (__init_array_end = .)
                0x000000000800d45c                . = ALIGN (0x4)

.fini_array     0x000000000800d45c        0x4
                0x000000000800d45c                . = ALIGN (0x4)
                [!provide]                        PROVIDE (__fini_array_start = .)
 *(SORT_BY_NAME(.fini_array.*))
 *(.fini_array*)
 .fini_array    0x000000000800d45c        0x4 d:/software/st/stm32cubeide_1.3.0/stm32cubeide/plugins/com.st.stm32cube.ide.mcu.externaltools.gnu-tools-for-stm32.7-2018-q2-update.win32_1.0.0.201904181610/tools/bin/../lib/gcc/arm-none-eabi/7.3.1/thumb/v7-m/crtbegin.o
                [!provide]                        PROVIDE (__fini_array_end = .)
                0x000000000800d460                . = ALIGN (0x4)
                0x000000000800d460                _sidata = LOADADDR (.data)

.data           0x0000000020000000      0x590 load address 0x000000000800d460
                0x0000000020000000                . = ALIGN (0x4)
                0x0000000020000000                _sdata = .
 *(.data)
 *(.data*)
 .data.BACK_COLOR
                0x0000000020000000        0x2 Core/Src/lcd.o
                0x0000000020000000                BACK_COLOR
 .data.init     0x0000000020000002        0x1 Core/Src/main.o
                0x0000000020000002                init
 *fill*         0x0000000020000003        0x1 
 .data.cmd_buff
                0x0000000020000004       0x21 Core/Src/main.o
 *fill*         0x0000000020000025        0x3 
 .data.TLE_SCALE
                0x0000000020000028        0x4 Core/Src/main.o
 .data.send_to_friend
                0x000000002000002c        0x4 Core/Src/main.o
 .data.inputData
                0x0000000020000030       0x3c Core/Src/main.o
 .data.send_buff
                0x000000002000006c       0x3c Core/Src/main.o
 .data.recv_buff
                0x00000000200000a8       0x3c Core/Src/main.o
 .data.tip      0x00000000200000e4      0x2c0 Core/Src/main.o
 .data.TX_ADDRESS
                0x00000000200003a4        0x5 Core/Src/nrf24L01.o
                0x00000000200003a4                TX_ADDRESS
 *fill*         0x00000000200003a9        0x3 
 .data.RX_ADDRESS
                0x00000000200003ac        0x5 Core/Src/nrf24L01.o
                0x00000000200003ac                RX_ADDRESS
 .data.recv_ch  0x00000000200003b1        0x1 Core/Src/nrf24L01.o
                0x00000000200003b1                recv_ch
 .data.send_ch  0x00000000200003b2        0x1 Core/Src/nrf24L01.o
                0x00000000200003b2                send_ch
 *fill*         0x00000000200003b3        0x1 
 .data.SystemCoreClock
                0x00000000200003b4        0x4 Core/Src/system_stm32f1xx.o
                0x00000000200003b4                SystemCoreClock
 .data.uwTickPrio
                0x00000000200003b8        0x4 Drivers/STM32F1xx_HAL_Driver/Src/stm32f1xx_hal.o
                0x00000000200003b8                uwTickPrio
 .data.uwTickFreq
                0x00000000200003bc        0x1 Drivers/STM32F1xx_HAL_Driver/Src/stm32f1xx_hal.o
                0x00000000200003bc                uwTickFreq
 *fill*         0x00000000200003bd        0x3 
 .data._impure_ptr
                0x00000000200003c0        0x4 d:/software/st/stm32cubeide_1.3.0/stm32cubeide/plugins/com.st.stm32cube.ide.mcu.externaltools.gnu-tools-for-stm32.7-2018-q2-update.win32_1.0.0.201904181610/tools/bin/../lib/gcc/arm-none-eabi/7.3.1/../../../../arm-none-eabi/lib/thumb/v7-m\libc_nano.a(lib_a-impure.o)
                0x00000000200003c0                _impure_ptr
 .data.impure_data
                0x00000000200003c4       0x60 d:/software/st/stm32cubeide_1.3.0/stm32cubeide/plugins/com.st.stm32cube.ide.mcu.externaltools.gnu-tools-for-stm32.7-2018-q2-update.win32_1.0.0.201904181610/tools/bin/../lib/gcc/arm-none-eabi/7.3.1/../../../../arm-none-eabi/lib/thumb/v7-m\libc_nano.a(lib_a-impure.o)
 .data.__global_locale
                0x0000000020000424      0x16c d:/software/st/stm32cubeide_1.3.0/stm32cubeide/plugins/com.st.stm32cube.ide.mcu.externaltools.gnu-tools-for-stm32.7-2018-q2-update.win32_1.0.0.201904181610/tools/bin/../lib/gcc/arm-none-eabi/7.3.1/../../../../arm-none-eabi/lib/thumb/v7-m\libc_nano.a(lib_a-locale.o)
                0x0000000020000424                __global_locale
                0x0000000020000590                . = ALIGN (0x4)
                0x0000000020000590                _edata = .

.igot.plt       0x0000000020000590        0x0 load address 0x000000000800d9f0
 .igot.plt      0x0000000020000590        0x0 d:/software/st/stm32cubeide_1.3.0/stm32cubeide/plugins/com.st.stm32cube.ide.mcu.externaltools.gnu-tools-for-stm32.7-2018-q2-update.win32_1.0.0.201904181610/tools/bin/../lib/gcc/arm-none-eabi/7.3.1/thumb/v7-m/crtbegin.o
                0x0000000020000590                . = ALIGN (0x4)

.bss            0x0000000020000590      0xba4 load address 0x000000000800d9f0
                0x0000000020000590                _sbss = .
                0x0000000020000590                __bss_start__ = _sbss
 *(.bss)
 .bss           0x0000000020000590       0x1c d:/software/st/stm32cubeide_1.3.0/stm32cubeide/plugins/com.st.stm32cube.ide.mcu.externaltools.gnu-tools-for-stm32.7-2018-q2-update.win32_1.0.0.201904181610/tools/bin/../lib/gcc/arm-none-eabi/7.3.1/thumb/v7-m/crtbegin.o
 *(.bss*)
 .bss.POINT_COLOR
                0x00000000200005ac        0x2 Core/Src/lcd.o
                0x00000000200005ac                POINT_COLOR
 .bss.cmd_flag  0x00000000200005ae        0x1 Core/Src/main.o
 .bss.friend_mode
                0x00000000200005af        0x1 Core/Src/main.o
 .bss.lastOutput
                0x00000000200005b0        0x4 Core/Src/main.o
                0x00000000200005b0                lastOutput
 .bss.counter   0x00000000200005b4        0x1 Core/Src/main.o
 *fill*         0x00000000200005b5        0x3 
 .bss.state     0x00000000200005b8        0x4 Core/Src/main.o
 .bss.conn_init_flag
                0x00000000200005bc        0x4 Core/Src/main.o
 .bss.uLength   0x00000000200005c0        0x4 Core/Src/main.o
 .bss.send_flag
                0x00000000200005c4        0x1 Core/Src/main.o
 .bss.recv_flag
                0x00000000200005c5        0x1 Core/Src/main.o
 *fill*         0x00000000200005c6        0x2 
 .bss.heap_end.5149
                0x00000000200005c8        0x4 Core/Src/sysmem.o
 .bss.__malloc_free_list
                0x00000000200005cc        0x4 d:/software/st/stm32cubeide_1.3.0/stm32cubeide/plugins/com.st.stm32cube.ide.mcu.externaltools.gnu-tools-for-stm32.7-2018-q2-update.win32_1.0.0.201904181610/tools/bin/../lib/gcc/arm-none-eabi/7.3.1/../../../../arm-none-eabi/lib/thumb/v7-m\libc_nano.a(lib_a-nano-mallocr.o)
                0x00000000200005cc                __malloc_free_list
 .bss.__malloc_sbrk_start
                0x00000000200005d0        0x4 d:/software/st/stm32cubeide_1.3.0/stm32cubeide/plugins/com.st.stm32cube.ide.mcu.externaltools.gnu-tools-for-stm32.7-2018-q2-update.win32_1.0.0.201904181610/tools/bin/../lib/gcc/arm-none-eabi/7.3.1/../../../../arm-none-eabi/lib/thumb/v7-m\libc_nano.a(lib_a-nano-mallocr.o)
                0x00000000200005d0                __malloc_sbrk_start
 *(COMMON)
 COMMON         0x00000000200005d4        0xe Core/Src/lcd.o
                0x00000000200005d4                lcddev
 *fill*         0x00000000200005e2        0x2 
 COMMON         0x00000000200005e4      0xab0 Core/Src/main.o
                0x00000000200005e4                fontColor
                0x0000000020000774                rxBuffer
                0x0000000020000798                outputData
 COMMON         0x0000000020001094       0x58 Core/Src/spi.o
                0x0000000020001094                hspi1
 COMMON         0x00000000200010ec       0x40 Core/Src/usart.o
                0x00000000200010ec                huart1
 COMMON         0x000000002000112c        0x4 Drivers/STM32F1xx_HAL_Driver/Src/stm32f1xx_hal.o
                0x000000002000112c                uwTick
 COMMON         0x0000000020001130        0x4 d:/software/st/stm32cubeide_1.3.0/stm32cubeide/plugins/com.st.stm32cube.ide.mcu.externaltools.gnu-tools-for-stm32.7-2018-q2-update.win32_1.0.0.201904181610/tools/bin/../lib/gcc/arm-none-eabi/7.3.1/../../../../arm-none-eabi/lib/thumb/v7-m\libc_nano.a(lib_a-reent.o)
                0x0000000020001130                errno
                0x0000000020001134                . = ALIGN (0x4)
                0x0000000020001134                _ebss = .
                0x0000000020001134                __bss_end__ = _ebss

._user_heap_stack
                0x0000000020001134      0x604 load address 0x000000000800d9f0
                0x0000000020001138                . = ALIGN (0x8)
 *fill*         0x0000000020001134        0x4 
                0x0000000020001138                PROVIDE (end = .)
                [!provide]                        PROVIDE (_end = .)
                0x0000000020001338                . = (. + _Min_Heap_Size)
 *fill*         0x0000000020001138      0x200 
                0x0000000020001738                . = (. + _Min_Stack_Size)
 *fill*         0x0000000020001338      0x400 
                0x0000000020001738                . = ALIGN (0x8)

/DISCARD/
 libc.a(*)
 libm.a(*)
 libgcc.a(*)

.ARM.attributes
                0x0000000000000000       0x29
 *(.ARM.attributes)
 .ARM.attributes
                0x0000000000000000       0x1d d:/software/st/stm32cubeide_1.3.0/stm32cubeide/plugins/com.st.stm32cube.ide.mcu.externaltools.gnu-tools-for-stm32.7-2018-q2-update.win32_1.0.0.201904181610/tools/bin/../lib/gcc/arm-none-eabi/7.3.1/thumb/v7-m/crti.o
 .ARM.attributes
                0x000000000000001d       0x2d d:/software/st/stm32cubeide_1.3.0/stm32cubeide/plugins/com.st.stm32cube.ide.mcu.externaltools.gnu-tools-for-stm32.7-2018-q2-update.win32_1.0.0.201904181610/tools/bin/../lib/gcc/arm-none-eabi/7.3.1/thumb/v7-m/crtbegin.o
 .ARM.attributes
                0x000000000000004a       0x33 Core/Src/gpio.o
 .ARM.attributes
                0x000000000000007d       0x33 Core/Src/lcd.o
 .ARM.attributes
                0x00000000000000b0       0x33 Core/Src/main.o
 .ARM.attributes
                0x00000000000000e3       0x33 Core/Src/nrf24L01.o
 .ARM.attributes
                0x0000000000000116       0x33 Core/Src/spi.o
 .ARM.attributes
                0x0000000000000149       0x33 Core/Src/stm32f1xx_hal_msp.o
 .ARM.attributes
                0x000000000000017c       0x33 Core/Src/stm32f1xx_it.o
 .ARM.attributes
                0x00000000000001af       0x33 Core/Src/syscalls.o
 .ARM.attributes
                0x00000000000001e2       0x33 Core/Src/sysmem.o
 .ARM.attributes
                0x0000000000000215       0x33 Core/Src/system_stm32f1xx.o
 .ARM.attributes
                0x0000000000000248       0x33 Core/Src/usart.o
 .ARM.attributes
                0x000000000000027b       0x21 Core/Startup/startup_stm32f103rctx.o
 .ARM.attributes
                0x000000000000029c       0x33 Drivers/STM32F1xx_HAL_Driver/Src/stm32f1xx_hal.o
 .ARM.attributes
                0x00000000000002cf       0x33 Drivers/STM32F1xx_HAL_Driver/Src/stm32f1xx_hal_cortex.o
 .ARM.attributes
                0x0000000000000302       0x33 Drivers/STM32F1xx_HAL_Driver/Src/stm32f1xx_hal_dma.o
 .ARM.attributes
                0x0000000000000335       0x33 Drivers/STM32F1xx_HAL_Driver/Src/stm32f1xx_hal_gpio.o
 .ARM.attributes
                0x0000000000000368       0x33 Drivers/STM32F1xx_HAL_Driver/Src/stm32f1xx_hal_rcc.o
 .ARM.attributes
                0x000000000000039b       0x33 Drivers/STM32F1xx_HAL_Driver/Src/stm32f1xx_hal_spi.o
 .ARM.attributes
                0x00000000000003ce       0x33 Drivers/STM32F1xx_HAL_Driver/Src/stm32f1xx_hal_uart.o
 .ARM.attributes
                0x0000000000000401       0x2d d:/software/st/stm32cubeide_1.3.0/stm32cubeide/plugins/com.st.stm32cube.ide.mcu.externaltools.gnu-tools-for-stm32.7-2018-q2-update.win32_1.0.0.201904181610/tools/bin/../lib/gcc/arm-none-eabi/7.3.1/../../../../arm-none-eabi/lib/thumb/v7-m\libc_nano.a(lib_a-atoi.o)
 .ARM.attributes
                0x000000000000042e       0x2d d:/software/st/stm32cubeide_1.3.0/stm32cubeide/plugins/com.st.stm32cube.ide.mcu.externaltools.gnu-tools-for-stm32.7-2018-q2-update.win32_1.0.0.201904181610/tools/bin/../lib/gcc/arm-none-eabi/7.3.1/../../../../arm-none-eabi/lib/thumb/v7-m\libc_nano.a(lib_a-errno.o)
 .ARM.attributes
                0x000000000000045b       0x2d d:/software/st/stm32cubeide_1.3.0/stm32cubeide/plugins/com.st.stm32cube.ide.mcu.externaltools.gnu-tools-for-stm32.7-2018-q2-update.win32_1.0.0.201904181610/tools/bin/../lib/gcc/arm-none-eabi/7.3.1/../../../../arm-none-eabi/lib/thumb/v7-m\libc_nano.a(lib_a-impure.o)
 .ARM.attributes
                0x0000000000000488       0x2d d:/software/st/stm32cubeide_1.3.0/stm32cubeide/plugins/com.st.stm32cube.ide.mcu.externaltools.gnu-tools-for-stm32.7-2018-q2-update.win32_1.0.0.201904181610/tools/bin/../lib/gcc/arm-none-eabi/7.3.1/../../../../arm-none-eabi/lib/thumb/v7-m\libc_nano.a(lib_a-init.o)
 .ARM.attributes
                0x00000000000004b5       0x2d d:/software/st/stm32cubeide_1.3.0/stm32cubeide/plugins/com.st.stm32cube.ide.mcu.externaltools.gnu-tools-for-stm32.7-2018-q2-update.win32_1.0.0.201904181610/tools/bin/../lib/gcc/arm-none-eabi/7.3.1/../../../../arm-none-eabi/lib/thumb/v7-m\libc_nano.a(lib_a-memset.o)
 .ARM.attributes
                0x00000000000004e2       0x2d d:/software/st/stm32cubeide_1.3.0/stm32cubeide/plugins/com.st.stm32cube.ide.mcu.externaltools.gnu-tools-for-stm32.7-2018-q2-update.win32_1.0.0.201904181610/tools/bin/../lib/gcc/arm-none-eabi/7.3.1/../../../../arm-none-eabi/lib/thumb/v7-m\libc_nano.a(lib_a-printf.o)
 .ARM.attributes
                0x000000000000050f       0x2d d:/software/st/stm32cubeide_1.3.0/stm32cubeide/plugins/com.st.stm32cube.ide.mcu.externaltools.gnu-tools-for-stm32.7-2018-q2-update.win32_1.0.0.201904181610/tools/bin/../lib/gcc/arm-none-eabi/7.3.1/../../../../arm-none-eabi/lib/thumb/v7-m\libc_nano.a(lib_a-putchar.o)
 .ARM.attributes
                0x000000000000053c       0x2d d:/software/st/stm32cubeide_1.3.0/stm32cubeide/plugins/com.st.stm32cube.ide.mcu.externaltools.gnu-tools-for-stm32.7-2018-q2-update.win32_1.0.0.201904181610/tools/bin/../lib/gcc/arm-none-eabi/7.3.1/../../../../arm-none-eabi/lib/thumb/v7-m\libc_nano.a(lib_a-puts.o)
 .ARM.attributes
                0x0000000000000569       0x2d d:/software/st/stm32cubeide_1.3.0/stm32cubeide/plugins/com.st.stm32cube.ide.mcu.externaltools.gnu-tools-for-stm32.7-2018-q2-update.win32_1.0.0.201904181610/tools/bin/../lib/gcc/arm-none-eabi/7.3.1/../../../../arm-none-eabi/lib/thumb/v7-m\libc_nano.a(lib_a-sprintf.o)
 .ARM.attributes
                0x0000000000000596       0x2d d:/software/st/stm32cubeide_1.3.0/stm32cubeide/plugins/com.st.stm32cube.ide.mcu.externaltools.gnu-tools-for-stm32.7-2018-q2-update.win32_1.0.0.201904181610/tools/bin/../lib/gcc/arm-none-eabi/7.3.1/../../../../arm-none-eabi/lib/thumb/v7-m\libc_nano.a(lib_a-strcpy.o)
 .ARM.attributes
                0x00000000000005c3       0x17 d:/software/st/stm32cubeide_1.3.0/stm32cubeide/plugins/com.st.stm32cube.ide.mcu.externaltools.gnu-tools-for-stm32.7-2018-q2-update.win32_1.0.0.201904181610/tools/bin/../lib/gcc/arm-none-eabi/7.3.1/../../../../arm-none-eabi/lib/thumb/v7-m\libc_nano.a(lib_a-strlen.o)
 .ARM.attributes
                0x00000000000005da       0x2d d:/software/st/stm32cubeide_1.3.0/stm32cubeide/plugins/com.st.stm32cube.ide.mcu.externaltools.gnu-tools-for-stm32.7-2018-q2-update.win32_1.0.0.201904181610/tools/bin/../lib/gcc/arm-none-eabi/7.3.1/../../../../arm-none-eabi/lib/thumb/v7-m\libc_nano.a(lib_a-strtol.o)
 .ARM.attributes
                0x0000000000000607       0x2d d:/software/st/stm32cubeide_1.3.0/stm32cubeide/plugins/com.st.stm32cube.ide.mcu.externaltools.gnu-tools-for-stm32.7-2018-q2-update.win32_1.0.0.201904181610/tools/bin/../lib/gcc/arm-none-eabi/7.3.1/../../../../arm-none-eabi/lib/thumb/v7-m\libc_nano.a(lib_a-wbuf.o)
 .ARM.attributes
                0x0000000000000634       0x2d d:/software/st/stm32cubeide_1.3.0/stm32cubeide/plugins/com.st.stm32cube.ide.mcu.externaltools.gnu-tools-for-stm32.7-2018-q2-update.win32_1.0.0.201904181610/tools/bin/../lib/gcc/arm-none-eabi/7.3.1/../../../../arm-none-eabi/lib/thumb/v7-m\libc_nano.a(lib_a-wsetup.o)
 .ARM.attributes
                0x0000000000000661       0x2d d:/software/st/stm32cubeide_1.3.0/stm32cubeide/plugins/com.st.stm32cube.ide.mcu.externaltools.gnu-tools-for-stm32.7-2018-q2-update.win32_1.0.0.201904181610/tools/bin/../lib/gcc/arm-none-eabi/7.3.1/../../../../arm-none-eabi/lib/thumb/v7-m\libc_nano.a(lib_a-fflush.o)
 .ARM.attributes
                0x000000000000068e       0x2d d:/software/st/stm32cubeide_1.3.0/stm32cubeide/plugins/com.st.stm32cube.ide.mcu.externaltools.gnu-tools-for-stm32.7-2018-q2-update.win32_1.0.0.201904181610/tools/bin/../lib/gcc/arm-none-eabi/7.3.1/../../../../arm-none-eabi/lib/thumb/v7-m\libc_nano.a(lib_a-findfp.o)
 .ARM.attributes
                0x00000000000006bb       0x2d d:/software/st/stm32cubeide_1.3.0/stm32cubeide/plugins/com.st.stm32cube.ide.mcu.externaltools.gnu-tools-for-stm32.7-2018-q2-update.win32_1.0.0.201904181610/tools/bin/../lib/gcc/arm-none-eabi/7.3.1/../../../../arm-none-eabi/lib/thumb/v7-m\libc_nano.a(lib_a-fwalk.o)
 .ARM.attributes
                0x00000000000006e8       0x2d d:/software/st/stm32cubeide_1.3.0/stm32cubeide/plugins/com.st.stm32cube.ide.mcu.externaltools.gnu-tools-for-stm32.7-2018-q2-update.win32_1.0.0.201904181610/tools/bin/../lib/gcc/arm-none-eabi/7.3.1/../../../../arm-none-eabi/lib/thumb/v7-m\libc_nano.a(lib_a-locale.o)
 .ARM.attributes
                0x0000000000000715       0x2d d:/software/st/stm32cubeide_1.3.0/stm32cubeide/plugins/com.st.stm32cube.ide.mcu.externaltools.gnu-tools-for-stm32.7-2018-q2-update.win32_1.0.0.201904181610/tools/bin/../lib/gcc/arm-none-eabi/7.3.1/../../../../arm-none-eabi/lib/thumb/v7-m\libc_nano.a(lib_a-makebuf.o)
 .ARM.attributes
                0x0000000000000742       0x2d d:/software/st/stm32cubeide_1.3.0/stm32cubeide/plugins/com.st.stm32cube.ide.mcu.externaltools.gnu-tools-for-stm32.7-2018-q2-update.win32_1.0.0.201904181610/tools/bin/../lib/gcc/arm-none-eabi/7.3.1/../../../../arm-none-eabi/lib/thumb/v7-m\libc_nano.a(lib_a-mbtowc_r.o)
 .ARM.attributes
                0x000000000000076f       0x2d d:/software/st/stm32cubeide_1.3.0/stm32cubeide/plugins/com.st.stm32cube.ide.mcu.externaltools.gnu-tools-for-stm32.7-2018-q2-update.win32_1.0.0.201904181610/tools/bin/../lib/gcc/arm-none-eabi/7.3.1/../../../../arm-none-eabi/lib/thumb/v7-m\libc_nano.a(lib_a-nano-freer.o)
 .ARM.attributes
                0x000000000000079c       0x2d d:/software/st/stm32cubeide_1.3.0/stm32cubeide/plugins/com.st.stm32cube.ide.mcu.externaltools.gnu-tools-for-stm32.7-2018-q2-update.win32_1.0.0.201904181610/tools/bin/../lib/gcc/arm-none-eabi/7.3.1/../../../../arm-none-eabi/lib/thumb/v7-m\libc_nano.a(lib_a-nano-mallocr.o)
 .ARM.attributes
                0x00000000000007c9       0x2d d:/software/st/stm32cubeide_1.3.0/stm32cubeide/plugins/com.st.stm32cube.ide.mcu.externaltools.gnu-tools-for-stm32.7-2018-q2-update.win32_1.0.0.201904181610/tools/bin/../lib/gcc/arm-none-eabi/7.3.1/../../../../arm-none-eabi/lib/thumb/v7-m\libc_nano.a(lib_a-nano-svfprintf.o)
 .ARM.attributes
                0x00000000000007f6       0x2d d:/software/st/stm32cubeide_1.3.0/stm32cubeide/plugins/com.st.stm32cube.ide.mcu.externaltools.gnu-tools-for-stm32.7-2018-q2-update.win32_1.0.0.201904181610/tools/bin/../lib/gcc/arm-none-eabi/7.3.1/../../../../arm-none-eabi/lib/thumb/v7-m\libc_nano.a(lib_a-nano-vfprintf.o)
 .ARM.attributes
                0x0000000000000823       0x2d d:/software/st/stm32cubeide_1.3.0/stm32cubeide/plugins/com.st.stm32cube.ide.mcu.externaltools.gnu-tools-for-stm32.7-2018-q2-update.win32_1.0.0.201904181610/tools/bin/../lib/gcc/arm-none-eabi/7.3.1/../../../../arm-none-eabi/lib/thumb/v7-m\libc_nano.a(lib_a-nano-vfprintf_i.o)
 .ARM.attributes
                0x0000000000000850       0x2d d:/software/st/stm32cubeide_1.3.0/stm32cubeide/plugins/com.st.stm32cube.ide.mcu.externaltools.gnu-tools-for-stm32.7-2018-q2-update.win32_1.0.0.201904181610/tools/bin/../lib/gcc/arm-none-eabi/7.3.1/../../../../arm-none-eabi/lib/thumb/v7-m\libc_nano.a(lib_a-putc.o)
 .ARM.attributes
                0x000000000000087d       0x2d d:/software/st/stm32cubeide_1.3.0/stm32cubeide/plugins/com.st.stm32cube.ide.mcu.externaltools.gnu-tools-for-stm32.7-2018-q2-update.win32_1.0.0.201904181610/tools/bin/../lib/gcc/arm-none-eabi/7.3.1/../../../../arm-none-eabi/lib/thumb/v7-m\libc_nano.a(lib_a-sbrkr.o)
 .ARM.attributes
                0x00000000000008aa       0x2d d:/software/st/stm32cubeide_1.3.0/stm32cubeide/plugins/com.st.stm32cube.ide.mcu.externaltools.gnu-tools-for-stm32.7-2018-q2-update.win32_1.0.0.201904181610/tools/bin/../lib/gcc/arm-none-eabi/7.3.1/../../../../arm-none-eabi/lib/thumb/v7-m\libc_nano.a(lib_a-stdio.o)
 .ARM.attributes
                0x00000000000008d7       0x2d d:/software/st/stm32cubeide_1.3.0/stm32cubeide/plugins/com.st.stm32cube.ide.mcu.externaltools.gnu-tools-for-stm32.7-2018-q2-update.win32_1.0.0.201904181610/tools/bin/../lib/gcc/arm-none-eabi/7.3.1/../../../../arm-none-eabi/lib/thumb/v7-m\libc_nano.a(lib_a-wctomb_r.o)
 .ARM.attributes
                0x0000000000000904       0x2d d:/software/st/stm32cubeide_1.3.0/stm32cubeide/plugins/com.st.stm32cube.ide.mcu.externaltools.gnu-tools-for-stm32.7-2018-q2-update.win32_1.0.0.201904181610/tools/bin/../lib/gcc/arm-none-eabi/7.3.1/../../../../arm-none-eabi/lib/thumb/v7-m\libc_nano.a(lib_a-writer.o)
 .ARM.attributes
                0x0000000000000931       0x2d d:/software/st/stm32cubeide_1.3.0/stm32cubeide/plugins/com.st.stm32cube.ide.mcu.externaltools.gnu-tools-for-stm32.7-2018-q2-update.win32_1.0.0.201904181610/tools/bin/../lib/gcc/arm-none-eabi/7.3.1/../../../../arm-none-eabi/lib/thumb/v7-m\libc_nano.a(lib_a-closer.o)
 .ARM.attributes
                0x000000000000095e       0x2d d:/software/st/stm32cubeide_1.3.0/stm32cubeide/plugins/com.st.stm32cube.ide.mcu.externaltools.gnu-tools-for-stm32.7-2018-q2-update.win32_1.0.0.201904181610/tools/bin/../lib/gcc/arm-none-eabi/7.3.1/../../../../arm-none-eabi/lib/thumb/v7-m\libc_nano.a(lib_a-ctype_.o)
 .ARM.attributes
                0x000000000000098b       0x2d d:/software/st/stm32cubeide_1.3.0/stm32cubeide/plugins/com.st.stm32cube.ide.mcu.externaltools.gnu-tools-for-stm32.7-2018-q2-update.win32_1.0.0.201904181610/tools/bin/../lib/gcc/arm-none-eabi/7.3.1/../../../../arm-none-eabi/lib/thumb/v7-m\libc_nano.a(lib_a-fstatr.o)
 .ARM.attributes
                0x00000000000009b8       0x2d d:/software/st/stm32cubeide_1.3.0/stm32cubeide/plugins/com.st.stm32cube.ide.mcu.externaltools.gnu-tools-for-stm32.7-2018-q2-update.win32_1.0.0.201904181610/tools/bin/../lib/gcc/arm-none-eabi/7.3.1/../../../../arm-none-eabi/lib/thumb/v7-m\libc_nano.a(lib_a-isattyr.o)
 .ARM.attributes
                0x00000000000009e5       0x2d d:/software/st/stm32cubeide_1.3.0/stm32cubeide/plugins/com.st.stm32cube.ide.mcu.externaltools.gnu-tools-for-stm32.7-2018-q2-update.win32_1.0.0.201904181610/tools/bin/../lib/gcc/arm-none-eabi/7.3.1/../../../../arm-none-eabi/lib/thumb/v7-m\libc_nano.a(lib_a-lseekr.o)
 .ARM.attributes
                0x0000000000000a12       0x2d d:/software/st/stm32cubeide_1.3.0/stm32cubeide/plugins/com.st.stm32cube.ide.mcu.externaltools.gnu-tools-for-stm32.7-2018-q2-update.win32_1.0.0.201904181610/tools/bin/../lib/gcc/arm-none-eabi/7.3.1/../../../../arm-none-eabi/lib/thumb/v7-m\libc_nano.a(lib_a-memchr-stub.o)
 .ARM.attributes
                0x0000000000000a3f       0x2d d:/software/st/stm32cubeide_1.3.0/stm32cubeide/plugins/com.st.stm32cube.ide.mcu.externaltools.gnu-tools-for-stm32.7-2018-q2-update.win32_1.0.0.201904181610/tools/bin/../lib/gcc/arm-none-eabi/7.3.1/../../../../arm-none-eabi/lib/thumb/v7-m\libc_nano.a(lib_a-memcpy-stub.o)
 .ARM.attributes
                0x0000000000000a6c       0x2d d:/software/st/stm32cubeide_1.3.0/stm32cubeide/plugins/com.st.stm32cube.ide.mcu.externaltools.gnu-tools-for-stm32.7-2018-q2-update.win32_1.0.0.201904181610/tools/bin/../lib/gcc/arm-none-eabi/7.3.1/../../../../arm-none-eabi/lib/thumb/v7-m\libc_nano.a(lib_a-memmove.o)
 .ARM.attributes
                0x0000000000000a99       0x2d d:/software/st/stm32cubeide_1.3.0/stm32cubeide/plugins/com.st.stm32cube.ide.mcu.externaltools.gnu-tools-for-stm32.7-2018-q2-update.win32_1.0.0.201904181610/tools/bin/../lib/gcc/arm-none-eabi/7.3.1/../../../../arm-none-eabi/lib/thumb/v7-m\libc_nano.a(lib_a-mlock.o)
 .ARM.attributes
                0x0000000000000ac6       0x2d d:/software/st/stm32cubeide_1.3.0/stm32cubeide/plugins/com.st.stm32cube.ide.mcu.externaltools.gnu-tools-for-stm32.7-2018-q2-update.win32_1.0.0.201904181610/tools/bin/../lib/gcc/arm-none-eabi/7.3.1/../../../../arm-none-eabi/lib/thumb/v7-m\libc_nano.a(lib_a-nano-reallocr.o)
 .ARM.attributes
                0x0000000000000af3       0x2d d:/software/st/stm32cubeide_1.3.0/stm32cubeide/plugins/com.st.stm32cube.ide.mcu.externaltools.gnu-tools-for-stm32.7-2018-q2-update.win32_1.0.0.201904181610/tools/bin/../lib/gcc/arm-none-eabi/7.3.1/../../../../arm-none-eabi/lib/thumb/v7-m\libc_nano.a(lib_a-readr.o)
 .ARM.attributes
                0x0000000000000b20       0x2d d:/software/st/stm32cubeide_1.3.0/stm32cubeide/plugins/com.st.stm32cube.ide.mcu.externaltools.gnu-tools-for-stm32.7-2018-q2-update.win32_1.0.0.201904181610/tools/bin/../lib/gcc/arm-none-eabi/7.3.1/../../../../arm-none-eabi/lib/thumb/v7-m\libc_nano.a(lib_a-reent.o)
 .ARM.attributes
                0x0000000000000b4d       0x2d d:/software/st/stm32cubeide_1.3.0/stm32cubeide/plugins/com.st.stm32cube.ide.mcu.externaltools.gnu-tools-for-stm32.7-2018-q2-update.win32_1.0.0.201904181610/tools/bin/../lib/gcc/arm-none-eabi/7.3.1/../../../../arm-none-eabi/lib/thumb/v7-m\libc_nano.a(lib_a-nano-msizer.o)
 .ARM.attributes
                0x0000000000000b7a       0x1d d:/software/st/stm32cubeide_1.3.0/stm32cubeide/plugins/com.st.stm32cube.ide.mcu.externaltools.gnu-tools-for-stm32.7-2018-q2-update.win32_1.0.0.201904181610/tools/bin/../lib/gcc/arm-none-eabi/7.3.1/thumb/v7-m\libgcc.a(_arm_addsubdf3.o)
 .ARM.attributes
                0x0000000000000b97       0x1d d:/software/st/stm32cubeide_1.3.0/stm32cubeide/plugins/com.st.stm32cube.ide.mcu.externaltools.gnu-tools-for-stm32.7-2018-q2-update.win32_1.0.0.201904181610/tools/bin/../lib/gcc/arm-none-eabi/7.3.1/thumb/v7-m\libgcc.a(_arm_muldivdf3.o)
 .ARM.attributes
                0x0000000000000bb4       0x1d d:/software/st/stm32cubeide_1.3.0/stm32cubeide/plugins/com.st.stm32cube.ide.mcu.externaltools.gnu-tools-for-stm32.7-2018-q2-update.win32_1.0.0.201904181610/tools/bin/../lib/gcc/arm-none-eabi/7.3.1/thumb/v7-m\libgcc.a(_arm_fixunsdfsi.o)
 .ARM.attributes
                0x0000000000000bd1       0x1d d:/software/st/stm32cubeide_1.3.0/stm32cubeide/plugins/com.st.stm32cube.ide.mcu.externaltools.gnu-tools-for-stm32.7-2018-q2-update.win32_1.0.0.201904181610/tools/bin/../lib/gcc/arm-none-eabi/7.3.1/thumb/v7-m/crtn.o
OUTPUT(Wireless_Communications.elf elf32-littlearm)

.debug_info     0x0000000000000000     0xd192
 .debug_info    0x0000000000000000      0x509 Core/Src/gpio.o
 .debug_info    0x0000000000000509     0x1659 Core/Src/lcd.o
 .debug_info    0x0000000000001b62     0x187d Core/Src/main.o
 .debug_info    0x00000000000033df      0xac5 Core/Src/nrf24L01.o
 .debug_info    0x0000000000003ea4      0x9cc Core/Src/spi.o
 .debug_info    0x0000000000004870      0x2d6 Core/Src/stm32f1xx_hal_msp.o
 .debug_info    0x0000000000004b46      0x8fb Core/Src/stm32f1xx_it.o
 .debug_info    0x0000000000005441      0xebd Core/Src/syscalls.o
 .debug_info    0x00000000000062fe      0x91c Core/Src/sysmem.o
 .debug_info    0x0000000000006c1a      0x29a Core/Src/system_stm32f1xx.o
 .debug_info    0x0000000000006eb4     0x1196 Core/Src/usart.o
 .debug_info    0x000000000000804a       0x22 Core/Startup/startup_stm32f103rctx.o
 .debug_info    0x000000000000806c      0x77a Drivers/STM32F1xx_HAL_Driver/Src/stm32f1xx_hal.o
 .debug_info    0x00000000000087e6      0xbb7 Drivers/STM32F1xx_HAL_Driver/Src/stm32f1xx_hal_cortex.o
 .debug_info    0x000000000000939d      0x7b1 Drivers/STM32F1xx_HAL_Driver/Src/stm32f1xx_hal_dma.o
 .debug_info    0x0000000000009b4e      0x69b Drivers/STM32F1xx_HAL_Driver/Src/stm32f1xx_hal_gpio.o
 .debug_info    0x000000000000a1e9      0x80f Drivers/STM32F1xx_HAL_Driver/Src/stm32f1xx_hal_rcc.o
 .debug_info    0x000000000000a9f8     0x157f Drivers/STM32F1xx_HAL_Driver/Src/stm32f1xx_hal_spi.o
 .debug_info    0x000000000000bf77     0x121b Drivers/STM32F1xx_HAL_Driver/Src/stm32f1xx_hal_uart.o

.debug_abbrev   0x0000000000000000     0x246b
 .debug_abbrev  0x0000000000000000      0x13d Core/Src/gpio.o
 .debug_abbrev  0x000000000000013d      0x30f Core/Src/lcd.o
 .debug_abbrev  0x000000000000044c      0x353 Core/Src/main.o
 .debug_abbrev  0x000000000000079f      0x1fc Core/Src/nrf24L01.o
 .debug_abbrev  0x000000000000099b      0x1a2 Core/Src/spi.o
 .debug_abbrev  0x0000000000000b3d      0x109 Core/Src/stm32f1xx_hal_msp.o
 .debug_abbrev  0x0000000000000c46      0x175 Core/Src/stm32f1xx_it.o
 .debug_abbrev  0x0000000000000dbb      0x261 Core/Src/syscalls.o
 .debug_abbrev  0x000000000000101c      0x1bb Core/Src/sysmem.o
 .debug_abbrev  0x00000000000011d7      0x134 Core/Src/system_stm32f1xx.o
 .debug_abbrev  0x000000000000130b      0x22f Core/Src/usart.o
 .debug_abbrev  0x000000000000153a       0x12 Core/Startup/startup_stm32f103rctx.o
 .debug_abbrev  0x000000000000154c      0x1c7 Drivers/STM32F1xx_HAL_Driver/Src/stm32f1xx_hal.o
 .debug_abbrev  0x0000000000001713      0x2d5 Drivers/STM32F1xx_HAL_Driver/Src/stm32f1xx_hal_cortex.o
 .debug_abbrev  0x00000000000019e8      0x1fe Drivers/STM32F1xx_HAL_Driver/Src/stm32f1xx_hal_dma.o
 .debug_abbrev  0x0000000000001be6      0x1c0 Drivers/STM32F1xx_HAL_Driver/Src/stm32f1xx_hal_gpio.o
 .debug_abbrev  0x0000000000001da6      0x243 Drivers/STM32F1xx_HAL_Driver/Src/stm32f1xx_hal_rcc.o
 .debug_abbrev  0x0000000000001fe9      0x240 Drivers/STM32F1xx_HAL_Driver/Src/stm32f1xx_hal_spi.o
 .debug_abbrev  0x0000000000002229      0x242 Drivers/STM32F1xx_HAL_Driver/Src/stm32f1xx_hal_uart.o

.debug_aranges  0x0000000000000000      0xb68
 .debug_aranges
                0x0000000000000000       0x20 Core/Src/gpio.o
 .debug_aranges
                0x0000000000000020      0x118 Core/Src/lcd.o
 .debug_aranges
                0x0000000000000138       0x98 Core/Src/main.o
 .debug_aranges
                0x00000000000001d0       0x88 Core/Src/nrf24L01.o
 .debug_aranges
                0x0000000000000258       0x30 Core/Src/spi.o
 .debug_aranges
                0x0000000000000288       0x20 Core/Src/stm32f1xx_hal_msp.o
 .debug_aranges
                0x00000000000002a8       0x88 Core/Src/stm32f1xx_it.o
 .debug_aranges
                0x0000000000000330       0xa8 Core/Src/syscalls.o
 .debug_aranges
                0x00000000000003d8       0x20 Core/Src/sysmem.o
 .debug_aranges
                0x00000000000003f8       0x28 Core/Src/system_stm32f1xx.o
 .debug_aranges
                0x0000000000000420       0x38 Core/Src/usart.o
 .debug_aranges
                0x0000000000000458       0x28 Core/Startup/startup_stm32f103rctx.o
 .debug_aranges
                0x0000000000000480       0xe0 Drivers/STM32F1xx_HAL_Driver/Src/stm32f1xx_hal.o
 .debug_aranges
                0x0000000000000560      0x100 Drivers/STM32F1xx_HAL_Driver/Src/stm32f1xx_hal_cortex.o
 .debug_aranges
                0x0000000000000660       0x80 Drivers/STM32F1xx_HAL_Driver/Src/stm32f1xx_hal_dma.o
 .debug_aranges
                0x00000000000006e0       0x58 Drivers/STM32F1xx_HAL_Driver/Src/stm32f1xx_hal_gpio.o