main.c:118:6:reset_flags	16	static
main.c:135:5:substr	40	static
main.c:152:6:LCD_Rec	16	static
main.c:166:6:LCD_Head	72	static
main.c:206:6:LCD_Unconn	8	static
main.c:217:6:LCD_Conn	1072	static
main.c:281:9:get_hex_num	16	static
main.c:290:6:LED_control	8	static
main.c:318:6:HAL_UART_RxCpltCallback	40	static
main.c:402:6:try_conn	56	static
main.c:472:6:try_recv	88	static
main.c:515:6:try_send	88	static
main.c:567:6:HAL_GPIO_EXTI_Callback	16	static
main.c:621:5:main	16	static
main.c:726:6:SystemClock_Config	72	static
main.c:764:6:Error_Handler	4	static
